Copyright 1986-2017 Xilinx, Inc. All Rights Reserved.
--------------------------------------------------------------------------------------------------------------
| Tool Version : Vivado v.2017.3 (lin64) Build 2018833 Wed Oct  4 19:58:07 MDT 2017
| Date         : Fri Oct  5 19:24:05 2018
| Host         : travis-job-timvideos-hdmi2usb-litex-437751259.travisci.net running 64-bit Ubuntu 14.04.5 LTS
| Command      : report_control_sets -verbose -file top_control_sets.rpt
| Design       : top
| Device       : xc7a35t
--------------------------------------------------------------------------------------------------------------

Control Set Information

Table of Contents
-----------------
1. Summary
2. Flip-Flop Distribution
3. Detailed Control Set Information

1. Summary
----------

+----------------------------------------------------------+-------+
|                          Status                          | Count |
+----------------------------------------------------------+-------+
| Number of unique control sets                            |   203 |
| Unused register locations in slices containing registers |   433 |
+----------------------------------------------------------+-------+


2. Flip-Flop Distribution
-------------------------

+--------------+-----------------------+------------------------+-----------------+--------------+
| Clock Enable | Synchronous Set/Reset | Asynchronous Set/Reset | Total Registers | Total Slices |
+--------------+-----------------------+------------------------+-----------------+--------------+
| No           | No                    | No                     |             194 |           87 |
| No           | No                    | Yes                    |               8 |            4 |
| No           | Yes                   | No                     |             731 |          310 |
| Yes          | No                    | No                     |             190 |           54 |
| Yes          | No                    | Yes                    |               0 |            0 |
| Yes          | Yes                   | No                     |            2444 |          789 |
+--------------+-----------------------+------------------------+-----------------+--------------+


3. Detailed Control Set Information
-----------------------------------

+--------------+-----------------------------------------------------------------------------------------------+-------------------------------------------------------------------------------+------------------+----------------+
| Clock Signal |                                         Enable Signal                                         |                                Set/Reset Signal                               | Slice Load Count | Bel Load Count |
+--------------+-----------------------------------------------------------------------------------------------+-------------------------------------------------------------------------------+------------------+----------------+
|  clk200_clk  |                                                                                               |                                                                               |                1 |              1 |
|  sys_clk     | soc_netsoc_i_i_1_n_0                                                                          | sys_rst                                                                       |                1 |              1 |
|  sys_clk     |                                                                                               | soc_netsoc_sdram_tccdcon_ready_i_1_n_0                                        |                1 |              1 |
|  sys_clk     | serial_tx_i_1_n_0                                                                             | sys_rst                                                                       |                1 |              1 |
|  sys_clk     |                                                                                               | soc_netsoc_sdram_trrdcon_ready_i_1_n_0                                        |                1 |              1 |
|  sys_clk     | soc_netsoc_sdram_tfawcon_ready_reg0                                                           | soc_netsoc_sdram_tfawcon_ready_i_1_n_0                                        |                1 |              1 |
|  clk200_clk  |                                                                                               | vns_xilinxasyncresetsynchronizerimpl0                                         |                1 |              2 |
|  sys_clk     |                                                                                               | vns_xilinxasyncresetsynchronizerimpl0                                         |                1 |              2 |
|  eth_tx_clk  |                                                                                               | soc_ethphy_reset0                                                             |                1 |              2 |
|  sys_clk     | lm32_cpu/instruction_unit/icache/refill_offset[3]_i_1_n_0                                     | lm32_cpu/instruction_unit/icache/SR[0]                                        |                1 |              2 |
|  eth_rx_clk  |                                                                                               | soc_ethphy_reset0                                                             |                1 |              2 |
|  sys_clk     | soc_netsoc_bitbang_storage_full[3]_i_1_n_0                                                    | sys_rst                                                                       |                1 |              4 |
|  sys_clk     | soc_netsoc_netsoc_uart_rx_fifo_wrport_we                                                      | sys_rst                                                                       |                1 |              4 |
|  sys_clk     | lm32_cpu/instruction_unit/icache/state[3]_i_1_n_0                                             | lm32_cpu/instruction_unit/icache/SR[0]                                        |                2 |              4 |
|  sys_clk     | vns_bankmachine5_next_state                                                                   | sys_rst                                                                       |                1 |              4 |
|  sys_clk     | vns_bankmachine7_next_state                                                                   | sys_rst                                                                       |                2 |              4 |
|  sys_clk     | vns_netsoc_csrbank0_buttons_ev_enable0_re                                                     | sys_rst                                                                       |                1 |              4 |
|  sys_clk     | soc_netsoc_netsoc_uart_rx_fifo_do_read                                                        | sys_rst                                                                       |                1 |              4 |
|  sys_clk     | vns_bankmachine2_next_state                                                                   | sys_rst                                                                       |                1 |              4 |
|  clk200_clk  | soc_netsoc_reset_counter[3]_i_1_n_0                                                           | clk200_rst                                                                    |                1 |              4 |
|  sys_clk     | vns_bankmachine3_next_state                                                                   | sys_rst                                                                       |                1 |              4 |
|  sys_clk     | vns_bankmachine1_next_state                                                                   | sys_rst                                                                       |                2 |              4 |
|  sys_clk     | vns_bankmachine4_next_state                                                                   | sys_rst                                                                       |                2 |              4 |
|  sys_clk     | soc_netsoc_a7ddrphy_half_sys8x_taps_storage_full[3]_i_1_n_0                                   | sys_rst                                                                       |                1 |              4 |
|  sys_clk     | lm32_cpu/instruction_unit/soc_netsoc_sdram_bankmachine4_cmd_buffer_lookahead_level_reg[3][0]  | sys_rst                                                                       |                2 |              4 |
|  sys_clk     | lm32_cpu/load_store_unit/E[0]                                                                 | sys_rst                                                                       |                1 |              4 |
|  sys_clk     | lm32_cpu/load_store_unit/soc_netsoc_sdram_bankmachine1_cmd_buffer_lookahead_level_reg[3][0]   | sys_rst                                                                       |                1 |              4 |
|  sys_clk     | lm32_cpu/load_store_unit/soc_netsoc_sdram_bankmachine7_cmd_buffer_lookahead_level_reg[3][0]   | sys_rst                                                                       |                1 |              4 |
|  sys_clk     | lm32_cpu/load_store_unit/soc_netsoc_sdram_bankmachine6_cmd_buffer_lookahead_level_reg[3][0]   | sys_rst                                                                       |                1 |              4 |
|  sys_clk     | lm32_cpu/load_store_unit/soc_netsoc_sdram_bankmachine3_cmd_buffer_lookahead_level_reg[3][0]   | sys_rst                                                                       |                2 |              4 |
|  sys_clk     | soc_netsoc_netsoc_uart_phy_rx_bitcount                                                        | soc_netsoc_netsoc_uart_phy_rx_bitcount[3]_i_1_n_0                             |                2 |              4 |
|  sys_clk     | vns_bankmachine6_next_state                                                                   | sys_rst                                                                       |                2 |              4 |
|  eth_rx_clk  | soc_ethphy_liteethphymiirx_converter_converter_source_payload_data[3]_i_1_n_0                 | soc_ethphy_liteethphymiirx_converter_converter_source_payload_data[7]_i_1_n_0 |                1 |              4 |
|  sys_clk     | soc_netsoc_netsoc_uart_tx_fifo_do_read                                                        | sys_rst                                                                       |                1 |              4 |
|  sys_clk     | soc_netsoc_netsoc_uart_phy_sink_ready1322_out                                                 | soc_netsoc_netsoc_uart_phy_tx_bitcount[3]_i_1_n_0                             |                2 |              4 |
|  sys_clk     | soc_netsoc_leds_storage_full[3]_i_1_n_0                                                       | sys_rst                                                                       |                1 |              4 |
|  sys_clk     | soc_netsoc_sdram_time1[3]_i_1_n_0                                                             | sys_rst                                                                       |                2 |              4 |
|  sys_clk     | soc_netsoc_netsoc_uart_tx_fifo_wrport_we                                                      | sys_rst                                                                       |                1 |              4 |
|  sys_clk     | vns_multiplexer_next_state                                                                    | sys_rst                                                                       |                1 |              4 |
|  sys_clk     | vns_bankmachine0_next_state                                                                   | sys_rst                                                                       |                1 |              4 |
|  sys_clk     | lm32_cpu/instruction_unit/soc_netsoc_sdram_bankmachine5_cmd_buffer_lookahead_level_reg[3][0]  | sys_rst                                                                       |                2 |              4 |
|  sys_clk     |                                                                                               | vns_netsoc_interface2_bank_bus_dat_r[3]_i_1_n_0                               |                1 |              4 |
|  sys_clk     |                                                                                               | vns_netsoc_interface0_bank_bus_dat_r[3]_i_1_n_0                               |                2 |              4 |
|  sys_clk     |                                                                                               | vns_netsoc_interface7_bank_bus_dat_r[3]_i_1_n_0                               |                2 |              4 |
|  eth_rx_clk  | soc_ethphy_liteethphymiirx_converter_converter_source_payload_data[7]_i_2_n_0                 | soc_ethphy_liteethphymiirx_converter_converter_source_payload_data[7]_i_1_n_0 |                2 |              4 |
|  eth_tx_clk  | vns_liteethmacgap_state                                                                       | p_49_in                                                                       |                1 |              4 |
|  sys_clk     | lm32_cpu/instruction_unit/soc_netsoc_sdram_bankmachine2_cmd_buffer_lookahead_level_reg[3][0]  | sys_rst                                                                       |                1 |              4 |
|  sys_clk     | soc_netsoc_netsoc_uart_rx_fifo_level[4]_i_1_n_0                                               | sys_rst                                                                       |                2 |              5 |
|  sys_clk     | soc_netsoc_sdram_counter[4]_i_1_n_0                                                           | sys_rst                                                                       |                1 |              5 |
|  sys_clk     | soc_netsoc_netsoc_uart_tx_fifo_level[4]_i_1_n_0                                               | sys_rst                                                                       |                2 |              5 |
|  sys_clk     | soc_netsoc_sdram_time0[4]_i_1_n_0                                                             | sys_rst                                                                       |                2 |              5 |
|  sys_clk     | soc_netsoc_sdram_phaseinjector3_address_storage_full[13]_i_1_n_0                              | sys_rst                                                                       |                2 |              6 |
|  sys_clk     | vns_netsoc_csrbank6_dfii_control0_re                                                          | sys_rst                                                                       |                2 |              6 |
|  sys_clk     | vns_netsoc_csrbank6_dfii_pi1_command0_re                                                      | sys_rst                                                                       |                1 |              6 |
|  sys_clk     | soc_netsoc_sdram_phaseinjector2_address_storage_full[13]_i_1_n_0                              | sys_rst                                                                       |                1 |              6 |
|  sys_clk     | soc_netsoc_sdram_phaseinjector2_command_storage_full[5]_i_1_n_0                               | sys_rst                                                                       |                3 |              6 |
|  sys_clk     | soc_netsoc_sdram_phaseinjector3_command_storage_full[5]_i_1_n_0                               | sys_rst                                                                       |                2 |              6 |
|  sys_clk     | soc_netsoc_sdram_phaseinjector0_address_storage_full[13]_i_1_n_0                              | sys_rst                                                                       |                2 |              6 |
|  sys_clk     | soc_netsoc_sdram_phaseinjector1_address_storage_full[13]_i_1_n_0                              | sys_rst                                                                       |                1 |              6 |
|  sys_clk     | lm32_cpu/load_store_unit/dcache/memories[0].data_memories.way_0_data_ram/byte_enable_m_reg[0] | lm32_cpu/load_store_unit/dcache/SR[0]                                         |                2 |              6 |
|  sys_clk     | soc_netsoc_sdram_phaseinjector0_command_storage_full[5]_i_1_n_0                               | sys_rst                                                                       |                2 |              6 |
|  sys_clk     | soc_netsoc_dna_cnt[6]_i_1_n_0                                                                 | sys_rst                                                                       |                2 |              7 |
|  sys_clk     | soc_netsoc_sdram_phaseinjector1_wrdata_storage_full[7]_i_1_n_0                                | sys_rst                                                                       |                3 |              8 |
|  sys_clk     | lm32_cpu/load_store_unit/soc_netsoc_counter_reg[0]_0[0]                                       | sys_rst                                                                       |                3 |              8 |
|  sys_clk     | soc_netsoc_netsoc_uart_phy_rx_reg                                                             | sys_rst                                                                       |                1 |              8 |
|  sys_clk     | soc_netsoc_sdram_phaseinjector2_address_storage_full[7]_i_1_n_0                               | sys_rst                                                                       |                2 |              8 |
|  sys_clk     | soc_netsoc_sdram_phaseinjector1_wrdata_storage_full[15]_i_1_n_0                               | sys_rst                                                                       |                2 |              8 |
|  sys_clk     | soc_netsoc_sdram_phaseinjector2_wrdata_storage_full[7]_i_1_n_0                                | sys_rst                                                                       |                2 |              8 |
|  sys_clk     | p_4_out[23]                                                                                   | sys_rst                                                                       |                1 |              8 |
|  sys_clk     | soc_netsoc_netsoc_uart_phy_storage_full[31]_i_1_n_0                                           | sys_rst                                                                       |                2 |              8 |
|  sys_clk     | soc_netsoc_netsoc_uart_phy_storage_full[15]_i_1_n_0                                           | sys_rst                                                                       |                1 |              8 |
|  sys_clk     | soc_netsoc_netsoc_uart_phy_storage_full[7]_i_1_n_0                                            | sys_rst                                                                       |                1 |              8 |
|  sys_clk     | soc_netsoc_netsoc_uart_phy_source_payload_data[7]_i_1_n_0                                     | sys_rst                                                                       |                1 |              8 |
|  sys_clk     | soc_netsoc_netsoc_ctrl_storage_full[15]_i_1_n_0                                               | sys_rst                                                                       |                2 |              8 |
|  sys_clk     | soc_netsoc_netsoc_timer0_load_storage_full[7]_i_1_n_0                                         | sys_rst                                                                       |                2 |              8 |
|  sys_clk     | soc_netsoc_i                                                                                  | sys_rst                                                                       |                2 |              8 |
|  sys_clk     | soc_netsoc_sdram_phaseinjector2_wrdata_storage_full[15]_i_1_n_0                               | sys_rst                                                                       |                2 |              8 |
|  sys_clk     | soc_ethmac_reader_length_storage_full[7]_i_1_n_0                                              | sys_rst                                                                       |                2 |              8 |
|  sys_clk     | soc_netsoc_sdram_phaseinjector0_wrdata_storage_full[31]_i_1_n_0                               | sys_rst                                                                       |                4 |              8 |
|  sys_clk     | soc_netsoc_sdram_phaseinjector1_address_storage_full[7]_i_1_n_0                               | sys_rst                                                                       |                2 |              8 |
|  sys_clk     | soc_netsoc_sdram_phaseinjector3_wrdata_storage_full[23]_i_1_n_0                               | sys_rst                                                                       |                3 |              8 |
|  sys_clk     | soc_netsoc_sdram_phaseinjector0_wrdata_storage_full[7]_i_1_n_0                                | sys_rst                                                                       |                2 |              8 |
|  sys_clk     | soc_netsoc_sdram_phaseinjector0_wrdata_storage_full[23]_i_1_n_0                               | sys_rst                                                                       |                3 |              8 |
|  sys_clk     | soc_netsoc_netsoc_ctrl_storage_full[7]_i_1_n_0                                                | sys_rst                                                                       |                5 |              8 |
|  sys_clk     | soc_netsoc_netsoc_ctrl_storage_full[23]_i_1_n_0                                               | sys_rst                                                                       |                2 |              8 |
|  sys_clk     | soc_netsoc_netsoc_ctrl_storage_full[31]_i_1_n_0                                               | sys_rst                                                                       |                3 |              8 |
|  sys_clk     | soc_netsoc_sdram_phaseinjector0_address_storage_full[7]_i_1_n_0                               | sys_rst                                                                       |                3 |              8 |
|  sys_clk     | soc_netsoc_netsoc_timer0_reload_storage_full[15]_i_1_n_0                                      | sys_rst                                                                       |                4 |              8 |
|  sys_clk     | soc_netsoc_sdram_phaseinjector1_wrdata_storage_full[31]_i_1_n_0                               | sys_rst                                                                       |                3 |              8 |
|  sys_clk     | soc_netsoc_netsoc_timer0_load_storage_full[15]_i_1_n_0                                        | sys_rst                                                                       |                2 |              8 |
|  sys_clk     |                                                                                               | vns_netsoc_interface9_bank_bus_dat_r[7]_i_1_n_0                               |                3 |              8 |
|  sys_clk     | soc_netsoc_netsoc_timer0_reload_storage_full[23]_i_1_n_0                                      | sys_rst                                                                       |                1 |              8 |
|  sys_clk     | soc_netsoc_sdram_phaseinjector0_wrdata_storage_full[15]_i_1_n_0                               | sys_rst                                                                       |                2 |              8 |
|  sys_clk     | soc_netsoc_netsoc_uart_phy_tx_reg[7]_i_1_n_0                                                  | sys_rst                                                                       |                1 |              8 |
|  sys_clk     | soc_netsoc_sdram_phaseinjector2_wrdata_storage_full[31]_i_1_n_0                               | sys_rst                                                                       |                4 |              8 |
|  sys_clk     |                                                                                               | vns_netsoc_interface10_bank_bus_dat_r[7]_i_1_n_0                              |                3 |              8 |
|  sys_clk     | lm32_cpu/instruction_unit/icache/flush_set[7]_i_1_n_0                                         | lm32_cpu/instruction_unit/icache/SR[0]                                        |                3 |              8 |
|  sys_clk     | soc_netsoc_sdram_phaseinjector3_wrdata_storage_full[7]_i_1_n_0                                | sys_rst                                                                       |                2 |              8 |
|  sys_clk     | soc_netsoc_sdram_phaseinjector3_wrdata_storage_full[15]_i_1_n_0                               | sys_rst                                                                       |                3 |              8 |
|  sys_clk     | soc_netsoc_netsoc_timer0_reload_storage_full[31]_i_1_n_0                                      | sys_rst                                                                       |                3 |              8 |
|  sys_clk     | soc_netsoc_netsoc_timer0_load_storage_full[23]_i_1_n_0                                        | sys_rst                                                                       |                2 |              8 |
|  sys_clk     | soc_netsoc_sdram_phaseinjector2_wrdata_storage_full[23]_i_1_n_0                               | sys_rst                                                                       |                2 |              8 |
|  sys_clk     | lm32_cpu/load_store_unit/dcache/flush_set[7]_i_1__0_n_0                                       | lm32_cpu/instruction_unit/icache/SR[0]                                        |                3 |              8 |
|  sys_clk     |                                                                                               | vns_netsoc_interface3_bank_bus_dat_r[7]_i_1_n_0                               |                6 |              8 |
|  sys_clk     |                                                                                               | vns_netsoc_interface6_bank_bus_dat_r[7]_i_1_n_0                               |                7 |              8 |
|  sys_clk     | soc_netsoc_sdram_phaseinjector3_address_storage_full[7]_i_1_n_0                               | sys_rst                                                                       |                2 |              8 |
|  sys_clk     |                                                                                               | vns_netsoc_interface1_bank_bus_dat_r[7]_i_1_n_0                               |                5 |              8 |
|  sys_clk     | soc_netsoc_sdram_phaseinjector1_wrdata_storage_full[23]_i_1_n_0                               | sys_rst                                                                       |                1 |              8 |
|  sys_clk     | soc_netsoc_netsoc_timer0_load_storage_full[31]_i_1_n_0                                        | sys_rst                                                                       |                2 |              8 |
|  sys_clk     | soc_netsoc_sdram_phaseinjector3_wrdata_storage_full[31]_i_1_n_0                               | sys_rst                                                                       |                3 |              8 |
|  sys_clk     | soc_netsoc_netsoc_timer0_reload_storage_full[7]_i_1_n_0                                       | sys_rst                                                                       |                2 |              8 |
|  sys_clk     |                                                                                               | vns_netsoc_interface5_bank_bus_dat_r[7]_i_1_n_0                               |                5 |              8 |
|  sys_clk     |                                                                                               | vns_netsoc_interface8_bank_bus_dat_r[7]_i_1_n_0                               |                7 |              8 |
|  sys_clk     | soc_ethmac_reader_counter_ce                                                                  | soc_ethmac_reader_counter[10]_i_1_n_0                                         |                3 |              9 |
|  eth_rx_clk  |                                                                                               | soc_ethmac_crc32_checker_syncfifo_produce[2]_i_1_n_0                          |                3 |              9 |
|  sys_clk     | soc_ethphy_counter_ce                                                                         | sys_rst                                                                       |                2 |              9 |
|  sys_clk     | lm32_cpu/instruction_unit/pc_f_reg[2]_0[0]                                                    |                                                                               |                5 |             10 |
|  sys_clk     | soc_netsoc_sdram_count[9]_i_2_n_0                                                             | soc_netsoc_sdram_count[9]_i_1_n_0                                             |                4 |             10 |
|  eth_rx_clk  | soc_ethmac_rx_converter_converter_source_payload_data[29]_i_1_n_0                             | eth_rx_rst                                                                    |                4 |             10 |
|  sys_clk     | lm32_cpu/load_store_unit/dcache/memories[0].data_memories.way_0_data_ram/mem_reg_0            |                                                                               |                5 |             10 |
|  eth_rx_clk  | soc_ethmac_rx_converter_converter_source_payload_data[39]_i_1_n_0                             | eth_rx_rst                                                                    |                3 |             10 |
|  eth_rx_clk  | soc_ethmac_rx_converter_converter_source_payload_data[9]_i_1_n_0                              | eth_rx_rst                                                                    |                3 |             10 |
|  eth_rx_clk  | soc_ethmac_rx_converter_converter_source_payload_data[19]_i_1_n_0                             | eth_rx_rst                                                                    |                2 |             10 |
|  sys_clk     | soc_netsoc_vccaux_status                                                                      | sys_rst                                                                       |                3 |             12 |
|  sys_clk     | soc_netsoc_vccint_status                                                                      | sys_rst                                                                       |                4 |             12 |
|  sys_clk     | soc_netsoc_temperature_status                                                                 | sys_rst                                                                       |                4 |             12 |
|  sys_clk     | soc_netsoc_vccbram_status                                                                     | sys_rst                                                                       |                4 |             12 |
|  sys_clk     | soc_netsoc_sdram_bankmachine1_openrow                                                         |                                                                               |                4 |             14 |
|  sys_clk     | soc_netsoc_sdram_bankmachine3_openrow                                                         |                                                                               |                3 |             14 |
|  sys_clk     | soc_netsoc_sdram_bankmachine2_openrow                                                         |                                                                               |                4 |             14 |
|  sys_clk     | soc_netsoc_sdram_bankmachine0_openrow                                                         |                                                                               |                5 |             14 |
|  sys_clk     | soc_netsoc_sdram_bankmachine5_openrow                                                         |                                                                               |                3 |             14 |
|  sys_clk     | soc_netsoc_sdram_bankmachine4_openrow                                                         |                                                                               |                4 |             14 |
|  sys_clk     | soc_netsoc_sdram_bankmachine6_openrow                                                         |                                                                               |                3 |             14 |
|  sys_clk     | soc_netsoc_sdram_bankmachine7_openrow                                                         |                                                                               |                3 |             14 |
|  eth_tx_clk  | soc_ethmac_padding_inserter_counter_ce                                                        | soc_ethmac_padding_inserter_counter[14]                                       |                4 |             15 |
|  sys_clk     | soc_netsoc_netsoc_uart_rx_fifo_wrport_we                                                      |                                                                               |                2 |             16 |
|  sys_clk     | soc_netsoc_netsoc_uart_tx_fifo_wrport_we                                                      |                                                                               |                2 |             16 |
|  sys_clk     | storage_14_reg_0_1_0_5_i_1_n_0                                                                |                                                                               |                2 |             16 |
|  eth_rx_clk  | storage_10_reg_0_7_0_5_i_1_n_0                                                                |                                                                               |                2 |             16 |
|  sys_clk     | lm32_cpu/instruction_unit/icache_refill_data_reg[31]_1                                        | lm32_cpu/load_store_unit/vns_netsoc_count_reg[16]                             |                5 |             17 |
|  sys_clk     | soc_netsoc_eventsourceprocess0_trigger                                                        | soc_netsoc_waittimer0_count[0]_i_1_n_0                                        |                5 |             20 |
|  sys_clk     | soc_netsoc_eventsourceprocess2_trigger                                                        | soc_netsoc_waittimer2_count[0]_i_1_n_0                                        |                5 |             20 |
|  sys_clk     | soc_netsoc_eventsourceprocess1_trigger                                                        | soc_netsoc_waittimer1_count[0]_i_1_n_0                                        |                5 |             20 |
|  sys_clk     | soc_netsoc_eventsourceprocess3_trigger                                                        | soc_netsoc_waittimer3_count[0]_i_1_n_0                                        |                5 |             20 |
|  eth_tx_clk  |                                                                                               | eth_tx_rst                                                                    |                8 |             22 |
|  sys_clk     | soc_netsoc_sr[31]_i_1_n_0                                                                     | sys_rst                                                                       |               14 |             22 |
|  eth_rx_clk  |                                                                                               |                                                                               |               10 |             22 |
|  sys_clk     | soc_netsoc_sdram_bankmachine5_cmd_buffer_pipe_ce                                              | sys_rst                                                                       |                9 |             23 |
|  sys_clk     | soc_netsoc_sdram_bankmachine3_cmd_buffer_pipe_ce                                              | sys_rst                                                                       |                8 |             23 |
|  sys_clk     | lm32_cpu/load_store_unit/dcache/eba_reg[9][0]                                                 | lm32_cpu/instruction_unit/icache/SR[0]                                        |                7 |             23 |
|  sys_clk     | soc_netsoc_sdram_bankmachine7_cmd_buffer_pipe_ce                                              | sys_rst                                                                       |                8 |             23 |
|  sys_clk     | soc_netsoc_sdram_bankmachine0_cmd_buffer_pipe_ce                                              | sys_rst                                                                       |                7 |             23 |
|  sys_clk     | soc_netsoc_sdram_bankmachine4_cmd_buffer_pipe_ce                                              | sys_rst                                                                       |                6 |             23 |
|  sys_clk     | soc_netsoc_sdram_bankmachine2_cmd_buffer_pipe_ce                                              | sys_rst                                                                       |                6 |             23 |
|  sys_clk     | soc_netsoc_sdram_bankmachine6_cmd_buffer_pipe_ce                                              | sys_rst                                                                       |                8 |             23 |
|  sys_clk     | soc_netsoc_sdram_bankmachine1_cmd_buffer_pipe_ce                                              | sys_rst                                                                       |                7 |             23 |
|  sys_clk     | soc_netsoc_sdram_bandwidth_nreads                                                             | soc_netsoc_sdram_bandwidth_nwrites                                            |                6 |             24 |
|  sys_clk     | soc_netsoc_sdram_bandwidth_nwrites[0]_i_1_n_0                                                 | soc_netsoc_sdram_bandwidth_nwrites                                            |                6 |             24 |
|  eth_rx_clk  |                                                                                               | eth_rx_rst                                                                    |               10 |             24 |
|  eth_tx_clk  |                                                                                               |                                                                               |               12 |             27 |
|  sys_clk     | lm32_cpu/load_store_unit/dcache/refill_address[31]_i_1_n_0                                    |                                                                               |                7 |             28 |
|  sys_clk     | lm32_cpu/instruction_unit/icache/i_adr_o_reg[30]                                              | lm32_cpu/instruction_unit/icache/SR[0]                                        |                7 |             28 |
|  sys_clk     | lm32_cpu/load_store_unit/dcache/restart_address_reg[31][0]                                    | lm32_cpu/instruction_unit/icache/SR[0]                                        |                7 |             30 |
|  sys_clk     | lm32_cpu/instruction_unit/icache/refill_address[31]_i_1__0_n_0                                |                                                                               |                8 |             30 |
|  sys_clk     |                                                                                               | soc_netsoc_netsoc_uart_phy_phase_accumulator_rx[30]_i_1_n_0                   |                8 |             31 |
|  sys_clk     | soc_ethmac_ps_crc_error_o                                                                     | sys_rst                                                                       |                8 |             32 |
|  eth_tx_clk  | soc_ethmac_crc32_inserter_ce                                                                  | soc_ethmac_crc32_inserter_reg                                                 |               11 |             32 |
|  eth_rx_clk  | soc_ethmac_crc32_checker_crc_ce                                                               | soc_ethmac_crc32_checker_syncfifo_produce[2]_i_1_n_0                          |               11 |             32 |
|  sys_clk     |                                                                                               | soc_netsoc_netsoc_uart_phy_phase_accumulator_tx[31]_i_1_n_0                   |                8 |             32 |
|  sys_clk     | lm32_cpu/instruction_unit/soc_netsoc_sdram_bankmachine4_cmd_buffer_lookahead_level_reg[1]     |                                                                               |                4 |             32 |
|  sys_clk     | lm32_cpu/instruction_unit/E[0]                                                                | lm32_cpu/instruction_unit/icache/SR[0]                                        |                9 |             32 |
|  sys_clk     | lm32_cpu/load_store_unit/soc_netsoc_sdram_bankmachine6_cmd_buffer_lookahead_level_reg[1]      |                                                                               |                4 |             32 |
|  sys_clk     | lm32_cpu/load_store_unit/soc_netsoc_sdram_bankmachine3_cmd_buffer_lookahead_level_reg[2]      |                                                                               |                4 |             32 |
|  sys_clk     | lm32_cpu/load_store_unit/soc_netsoc_sdram_bankmachine7_cmd_buffer_lookahead_level_reg[1]      |                                                                               |                4 |             32 |
|  sys_clk     | lm32_cpu/load_store_unit/soc_netsoc_sdram_bankmachine0_cmd_buffer_lookahead_level_reg[3]      |                                                                               |                4 |             32 |
|  sys_clk     | lm32_cpu/load_store_unit/wb_load_complete                                                     | lm32_cpu/instruction_unit/icache/SR[0]                                        |                8 |             32 |
|  sys_clk     | lm32_cpu/load_store_unit/icache_refill_data_reg[31]                                           | lm32_cpu/instruction_unit/icache/SR[0]                                        |               10 |             32 |
|  sys_clk     | lm32_cpu/instruction_unit/soc_netsoc_sdram_bankmachine5_cmd_buffer_lookahead_level_reg[1]     |                                                                               |                4 |             32 |
|  sys_clk     | lm32_cpu/instruction_unit/soc_netsoc_sdram_bankmachine2_cmd_buffer_lookahead_level_reg[1]     |                                                                               |                4 |             32 |
|  sys_clk     | soc_ethmac_writer_errors_status_next_value_ce                                                 | sys_rst                                                                       |                9 |             32 |
|  sys_clk     | lm32_cpu/load_store_unit/dcache/im_reg[31][0]                                                 | lm32_cpu/instruction_unit/icache/SR[0]                                        |               25 |             32 |
|  sys_clk     | soc_ethmac_ps_preamble_error_o                                                                | sys_rst                                                                       |                8 |             32 |
|  sys_clk     | soc_netsoc_netsoc_timer0_update_value_re                                                      | sys_rst                                                                       |                8 |             32 |
|  sys_clk     | lm32_cpu/load_store_unit/dcache/d_cyc_o6_out                                                  | lm32_cpu/instruction_unit/icache/SR[0]                                        |                8 |             32 |
|  sys_clk     | lm32_cpu/load_store_unit/dcache/d_cyc_o116_out                                                | lm32_cpu/instruction_unit/icache/SR[0]                                        |                9 |             32 |
|  sys_clk     | soc_netsoc_netsoc_ctrl_bus_errors                                                             | sys_rst                                                                       |                8 |             32 |
|  sys_clk     | lm32_cpu/load_store_unit/soc_netsoc_sdram_bankmachine1_cmd_buffer_lookahead_wrport_we         |                                                                               |                4 |             32 |
|  sys_clk     | p_386_out                                                                                     | soc_ethmac_writer_counter[0]_i_1_n_0                                          |                8 |             32 |
|  sys_clk     | lm32_cpu/mc_arithmetic/result_x_reg[0]_0                                                      | lm32_cpu/instruction_unit/icache/SR[0]                                        |                7 |             32 |
|  sys_clk     | soc_netsoc_sdram_bandwidth_period                                                             | sys_rst                                                                       |               10 |             48 |
|  sys_clk     | soc_ethmac_writer_fifo_wrport_we                                                              |                                                                               |                6 |             48 |
|  sys_clk     | soc_netsoc_sdram_bandwidth_update_re                                                          | sys_rst                                                                       |               14 |             48 |
|  sys_clk     | soc_netsoc_dna_status                                                                         | sys_rst                                                                       |               14 |             57 |
|  sys_clk     | lm32_cpu/mc_arithmetic/cycles[5]_i_1_n_0                                                      | lm32_cpu/instruction_unit/icache/SR[0]                                        |               30 |             70 |
|  sys_clk     | lm32_cpu/instruction_unit/pc_f_reg[2]_0[0]                                                    | lm32_cpu/instruction_unit/icache/SR[0]                                        |               30 |             92 |
|  sys_clk     | lm32_cpu/load_store_unit/dcache/reg_write_enable_q_w                                          |                                                                               |               12 |             96 |
|  sys_clk     | soc_netsoc_sdram_inti_p0_rddata_valid                                                         | sys_rst                                                                       |               60 |            128 |
|  sys_clk     |                                                                                               |                                                                               |               65 |            146 |
|  sys_clk     | lm32_cpu/load_store_unit/dcache/memories[0].data_memories.way_0_data_ram/byte_enable_m_reg[0] | lm32_cpu/instruction_unit/icache/SR[0]                                        |               58 |            161 |
|  sys_clk     |                                                                                               | lm32_cpu/instruction_unit/icache/SR[0]                                        |               71 |            187 |
|  sys_clk     | lm32_cpu/load_store_unit/dcache/memories[0].data_memories.way_0_data_ram/mem_reg_0            | lm32_cpu/instruction_unit/icache/SR[0]                                        |               78 |            221 |
|  sys_clk     |                                                                                               | sys_rst                                                                       |              159 |            356 |
+--------------+-----------------------------------------------------------------------------------------------+-------------------------------------------------------------------------------+------------------+----------------+


+--------+-----------------------+
| Fanout | Number of ControlSets |
+--------+-----------------------+
| 1      |                     6 |
| 2      |                     5 |
| 4      |                    36 |
| 5      |                     4 |
| 6      |                    10 |
| 7      |                     1 |
| 8      |                    51 |
| 9      |                     3 |
| 10     |                     7 |
| 12     |                     4 |
| 14     |                     8 |
| 15     |                     1 |
| 16+    |                    67 |
+--------+-----------------------+


