Copyright 1986-2017 Xilinx, Inc. All Rights Reserved.
---------------------------------------------------------------------------------------------------
| Tool Version : Vivado v.2017.3 (lin64) Build 2018833 Wed Oct  4 19:58:07 MDT 2017
| Date         : Fri Aug  2 12:08:42 2019
| Host         : travis-job-5baa1ac2-52bc-4561-9311-3c757181e7e0 running 64-bit Ubuntu 16.04.6 LTS
| Command      : report_utilization -hierarchical -file top_utilization_hierarchical_place.rpt
| Design       : top
| Device       : 7a35tcsg324-1
| Design State : Fully Placed
---------------------------------------------------------------------------------------------------

Utilization Design Information

Table of Contents
-----------------
1. Utilization by Hierarchy

1. Utilization by Hierarchy
---------------------------

+----------------------------+------------------+------------+------------+---------+------+------+--------+--------+--------------+
|          Instance          |      Module      | Total LUTs | Logic LUTs | LUTRAMs | SRLs |  FFs | RAMB36 | RAMB18 | DSP48 Blocks |
+----------------------------+------------------+------------+------------+---------+------+------+--------+--------+--------------+
| top                        |            (top) |       3988 |       3842 |     144 |    2 | 3401 |     16 |     21 |            0 |
|   (top)                    |            (top) |       2195 |       2049 |     144 |    2 | 2406 |     16 |     17 |            0 |
|   VexRiscv                 |         VexRiscv |       1793 |       1793 |       0 |    0 |  995 |      0 |      4 |            0 |
|     (VexRiscv)             |         VexRiscv |       1079 |       1079 |       0 |    0 |  896 |      0 |      2 |            0 |
|     IBusCachedPlugin_cache | InstructionCache |        715 |        715 |       0 |    0 |   99 |      0 |      2 |            0 |
+----------------------------+------------------+------------+------------+---------+------+------+--------+--------+--------------+
* Note: The sum of lower-level cells may be larger than their parent cells total, due to cross-hierarchy LUT combining


