Copyright 1986-2017 Xilinx, Inc. All Rights Reserved.
---------------------------------------------------------------------------------------------------
| Tool Version : Vivado v.2017.3 (lin64) Build 2018833 Wed Oct  4 19:58:07 MDT 2017
| Date         : Thu Jan 30 16:30:30 2020
| Host         : travis-job-9a846e27-b52b-4dfb-b341-6cd990bce1fb running 64-bit Ubuntu 16.04.6 LTS
| Command      : report_control_sets -verbose -file top_control_sets.rpt
| Design       : top
| Device       : xc7a200t
---------------------------------------------------------------------------------------------------

Control Set Information

Table of Contents
-----------------
1. Summary
2. Flip-Flop Distribution
3. Detailed Control Set Information

1. Summary
----------

+----------------------------------------------------------+-------+
|                          Status                          | Count |
+----------------------------------------------------------+-------+
| Number of unique control sets                            |   385 |
| Unused register locations in slices containing registers |   641 |
+----------------------------------------------------------+-------+


2. Flip-Flop Distribution
-------------------------

+--------------+-----------------------+------------------------+-----------------+--------------+
| Clock Enable | Synchronous Set/Reset | Asynchronous Set/Reset | Total Registers | Total Slices |
+--------------+-----------------------+------------------------+-----------------+--------------+
| No           | No                    | No                     |             680 |          242 |
| No           | No                    | Yes                    |              12 |            6 |
| No           | Yes                   | No                     |            2392 |          839 |
| Yes          | No                    | No                     |             478 |          118 |
| Yes          | No                    | Yes                    |               0 |            0 |
| Yes          | Yes                   | No                     |            3957 |         1192 |
+--------------+-----------------------+------------------------+-----------------+--------------+


3. Detailed Control Set Information
-----------------------------------

+--------------------+--------------------------------------------------------------------------------------------------------+----------------------------------------------------------------------------+------------------+----------------+
|    Clock Signal    |                                              Enable Signal                                             |                              Set/Reset Signal                              | Slice Load Count | Bel Load Count |
+--------------------+--------------------------------------------------------------------------------------------------------+----------------------------------------------------------------------------+------------------+----------------+
|  hdmi_in0_pix_clk  | soc_syncpol_c_polarity[1]_i_1_n_0                                                                      | hdmi_in0_pix_rst                                                           |                1 |              1 |
|  sys_clk           | soc_videosoc_videosoc_sdram_tfawcon_ready_reg031_in                                                    | soc_videosoc_videosoc_sdram_tfawcon_ready_i_1_n_0                          |                1 |              1 |
|  sys_clk           | lm32_cpu/load_store_unit/soc_videosoc_oled_spi_pads_mosi                                               | sys_rst                                                                    |                1 |              1 |
|  clk200_clk        |                                                                                                        |                                                                            |                1 |              1 |
|  sys_clk           | soc_videosoc_i_i_1_n_0                                                                                 | sys_rst                                                                    |                1 |              1 |
|  sys_clk           | serial_tx_i_1_n_0                                                                                      | sys_rst                                                                    |                1 |              1 |
|  sys_clk           | soc_videosoc_oled_spimaster_set_clk                                                                    | soc_videosoc_oled_spi_pads_clk_i_1_n_0                                     |                1 |              1 |
|  sys_clk           |                                                                                                        | soc_videosoc_videosoc_sdram_tccdcon_ready_i_1_n_0                          |                1 |              1 |
|  eth_rx_clk        |                                                                                                        | soc_ethphy_reset                                                           |                1 |              2 |
|  eth_tx_clk        |                                                                                                        | soc_ethphy_reset                                                           |                1 |              2 |
|  pix1p25x_clk      |                                                                                                        | vns_xilinxasyncresetsynchronizerimpl6                                      |                1 |              2 |
|  sys_clk           | lm32_cpu/instruction_unit/icache/refill_offset[3]_i_1_n_0                                              | lm32_cpu/load_store_unit/rst_i0                                            |                1 |              2 |
|  hdmi_in0_pix_clk  |                                                                                                        | vns_xilinxasyncresetsynchronizerimpl6                                      |                1 |              2 |
|  sys_clk           |                                                                                                        | vns_xilinxasyncresetsynchronizerimpl0                                      |                1 |              2 |
|  clk200_clk        |                                                                                                        | vns_xilinxasyncresetsynchronizerimpl0                                      |                1 |              2 |
|  sys_clk           | lm32_cpu/load_store_unit/vns_videosoc_csrbank6_core_initiator_vsync_start_backstore_reg[0][0]          | sys_rst                                                                    |                1 |              4 |
|  sys_clk           | lm32_cpu/load_store_unit/vns_videosoc_csrbank6_core_initiator_vscan_backstore_reg[3][0]                | sys_rst                                                                    |                1 |              4 |
|  hdmi_in0_pix_clk  | soc_charsync0_control_counter1                                                                         | hdmi_in0_pix_rst                                                           |                1 |              4 |
|  sys_clk           | lm32_cpu/load_store_unit/soc_videosoc_uart_tx_fifo_produce_reg[3]                                      | sys_rst                                                                    |                1 |              4 |
|  sys_clk           | lm32_cpu/load_store_unit/soc_videosoc_bitbang_storage_reg[3][0]                                        | sys_rst                                                                    |                2 |              4 |
|  sys_clk           | lm32_cpu/load_store_unit/vns_videosoc_csrbank6_core_initiator_hres_backstore_reg[0][0]                 | sys_rst                                                                    |                1 |              4 |
|  hdmi_in0_pix_clk  | soc_charsync2_control_counter1                                                                         | hdmi_in0_pix_rst                                                           |                1 |              4 |
|  sys_clk           | soc_dma_fifo_do_read                                                                                   | sys_rst                                                                    |                1 |              4 |
|  sys_clk           | lm32_cpu/load_store_unit/vns_videosoc_csrbank6_core_initiator_hsync_start_backstore_reg[3][0]          | sys_rst                                                                    |                1 |              4 |
|  clk200_clk        | soc_videosoc_reset_counter[3]_i_1_n_0                                                                  | clk200_rst                                                                 |                1 |              4 |
|  sys_clk           | lm32_cpu/load_store_unit/vns_videosoc_csrbank6_core_initiator_hscan_backstore_reg[3][0]                | sys_rst                                                                    |                1 |              4 |
|  sys_clk           | lm32_cpu/load_store_unit/vns_videosoc_csrbank6_core_initiator_hsync_end_backstore_reg[3][0]            | sys_rst                                                                    |                1 |              4 |
|  sys_clk           | lm32_cpu/load_store_unit/soc_videosoc_oled_storage_reg[0][0]                                           | sys_rst                                                                    |                2 |              4 |
|  sys_clk           | vns_bankmachine4_next_state                                                                            | sys_rst                                                                    |                2 |              4 |
|  sys_clk           | vns_bankmachine5_next_state                                                                            | sys_rst                                                                    |                2 |              4 |
|  sys_clk           | lm32_cpu/load_store_unit/soc_videosoc_uart_rx_fifo_syncfifo_re                                         | sys_rst                                                                    |                1 |              4 |
|  sys_clk           | vns_bankmachine3_next_state                                                                            | sys_rst                                                                    |                2 |              4 |
|  sys_clk           | vns_bankmachine1_next_state                                                                            | sys_rst                                                                    |                2 |              4 |
|  sys_clk           | vns_bankmachine2_next_state                                                                            | sys_rst                                                                    |                2 |              4 |
|  sys_clk           | vns_bankmachine0_next_state                                                                            | sys_rst                                                                    |                3 |              4 |
|  sys_clk           | soc_videosoc_uart_phy_rx_bitcount                                                                      | soc_videosoc_uart_phy_rx_bitcount[3]_i_1_n_0                               |                1 |              4 |
|  sys_clk           | lm32_cpu/load_store_unit/soc_videosoc_videosoc_sdram_bankmachine2_cmd_buffer_lookahead_level_reg[0][0] | sys_rst                                                                    |                2 |              4 |
|  sys_clk           | vns_bankmachine7_next_state                                                                            | sys_rst                                                                    |                2 |              4 |
|  sys_clk           | lm32_cpu/load_store_unit/soc_videosoc_videosoc_sdram_bankmachine6_cmd_buffer_lookahead_level_reg[0][0] | sys_rst                                                                    |                1 |              4 |
|  sys_clk           |                                                                                                        | soc_videosoc_oled_spi_pads_clk_i_1_n_0                                     |                1 |              4 |
|  sys_clk           | lm32_cpu/load_store_unit/soc_videosoc_videosoc_sdram_bankmachine5_cmd_buffer_lookahead_level_reg[0][0] | sys_rst                                                                    |                2 |              4 |
|  sys_clk           | lm32_cpu/load_store_unit/E[0]                                                                          | sys_rst                                                                    |                1 |              4 |
|  sys_clk           | vns_bankmachine6_next_state                                                                            | sys_rst                                                                    |                2 |              4 |
|  eth_tx_clk        | vns_liteethmacgap_state                                                                                | soc_ethmac_tx_gap_inserter_sink_ready                                      |                1 |              4 |
|  sys_clk           |                                                                                                        | lm32_cpu/load_store_unit/vns_videosoc_interface10_bank_bus_dat_r_reg[1][0] |                2 |              4 |
|  sys_clk           | lm32_cpu/load_store_unit/soc_videosoc_videosoc_sdram_bankmachine7_cmd_buffer_lookahead_level_reg[0][0] | sys_rst                                                                    |                1 |              4 |
|  sys_clk           | lm32_cpu/load_store_unit/soc_videosoc_videosoc_sdram_bankmachine3_cmd_buffer_lookahead_level_reg[0][0] | sys_rst                                                                    |                2 |              4 |
|  sys_clk           | lm32_cpu/load_store_unit/vns_videosoc_csrbank6_core_initiator_vsync_end_backstore_reg[0][0]            | sys_rst                                                                    |                1 |              4 |
|  sys_clk           | lm32_cpu/load_store_unit/soc_videosoc_videosoc_sdram_bankmachine1_cmd_buffer_lookahead_level_reg[0][0] | sys_rst                                                                    |                1 |              4 |
|  sys_clk           | lm32_cpu/load_store_unit/soc_videosoc_videosoc_sdram_bankmachine0_cmd_buffer_lookahead_level_reg[0][0] | sys_rst                                                                    |                2 |              4 |
|  sys_clk           | soc_videosoc_uart_rx_fifo_wrport_we                                                                    | sys_rst                                                                    |                1 |              4 |
|  sys_clk           | soc_videosoc_videosoc_sdram_time1[3]_i_1_n_0                                                           | sys_rst                                                                    |                2 |              4 |
|  sys_clk           | lm32_cpu/instruction_unit/icache/state[3]_i_1_n_0                                                      | lm32_cpu/load_store_unit/rst_i0                                            |                3 |              4 |
|  sys_clk           | vns_multiplexer_next_state                                                                             | sys_rst                                                                    |                2 |              4 |
|  hdmi_in0_pix_clk  | soc_charsync1_control_counter1                                                                         | hdmi_in0_pix_rst                                                           |                1 |              4 |
|  sys_clk           | soc_dma_fifo_wrport_we                                                                                 | sys_rst                                                                    |                1 |              4 |
|  sys_clk           | lm32_cpu/load_store_unit/vns_videosoc_csrbank6_core_initiator_vres_backstore_reg[3][0]                 | sys_rst                                                                    |                1 |              4 |
|  sys_clk           | soc_videosoc_uart_phy_sink_ready1533_out                                                               | soc_videosoc_uart_phy_tx_bitcount[3]_i_1_n_0                               |                1 |              4 |
|  sys_clk           | soc_videosoc_uart_tx_fifo_syncfifo_re                                                                  | sys_rst                                                                    |                1 |              4 |
|  sys_clk           | vns_edid_next_state                                                                                    | sys_rst                                                                    |                1 |              4 |
|  sys_clk           | soc_edid_scl_rising                                                                                    | soc_edid_counter[3]_i_1_n_0                                                |                2 |              4 |
|  pix1p25x_clk      | soc_s7datacapture1_sync_mcntvalue_pong_o                                                               |                                                                            |                2 |              5 |
|  sys_clk           | soc_dma_fifo_level[4]_i_1_n_0                                                                          | sys_rst                                                                    |                1 |              5 |
|  sys_clk           | soc_videosoc_videosoc_sdram_zqcs_executer_counter[4]_i_1_n_0                                           | sys_rst                                                                    |                1 |              5 |
|  pix1p25x_clk      | soc_s7datacapture0_sync_mcntvalue_pong_o                                                               |                                                                            |                1 |              5 |
|  pix1p25x_clk      | soc_s7datacapture0_sync_scntvalue_pong_o                                                               |                                                                            |                1 |              5 |
|  sys_clk           | lm32_cpu/load_store_unit/soc_dma_slot_array_slot0_address_storage_reg[25][3]                           | sys_rst                                                                    |                2 |              5 |
|  sys_clk           | soc_videosoc_videosoc_sdram_time0[4]_i_1_n_0                                                           | sys_rst                                                                    |                2 |              5 |
|  sys_clk           |                                                                                                        | lm32_cpu/load_store_unit/vns_videosoc_interface1_bank_bus_dat_r_reg[1][0]  |                3 |              5 |
|  pix1p25x_clk      | soc_s7datacapture2_sync_mcntvalue_pong_o                                                               |                                                                            |                2 |              5 |
|  sys_clk           | lm32_cpu/load_store_unit/soc_videosoc_a7ddrphy_half_sys8x_taps_storage_reg[4][0]                       | sys_rst                                                                    |                3 |              5 |
|  sys_clk           | lm32_cpu/load_store_unit/soc_videosoc_uart_rx_fifo_level0_reg[0][0]                                    | sys_rst                                                                    |                1 |              5 |
|  sys_clk           | lm32_cpu/load_store_unit/soc_videosoc_uart_tx_fifo_level0_reg[0][0]                                    | sys_rst                                                                    |                1 |              5 |
|  pix1p25x_clk      | soc_s7datacapture2_sync_scntvalue_pong_o                                                               |                                                                            |                2 |              5 |
|  pix1p25x_clk      | soc_s7datacapture1_sync_scntvalue_pong_o                                                               |                                                                            |                1 |              5 |
|  sys_clk           | lm32_cpu/load_store_unit/soc_dma_slot_array_slot1_address_storage_reg[25][3]                           | sys_rst                                                                    |                2 |              5 |
|  sys_clk           | lm32_cpu/load_store_unit/soc_dma_frame_size_storage_reg[25][3]                                         | sys_rst                                                                    |                1 |              5 |
|  sys_clk           | lm32_cpu/load_store_unit/soc_videosoc_videosoc_sdram_phaseinjector1_command_storage_reg[0][0]          | sys_rst                                                                    |                2 |              6 |
|  sys_clk           | soc_s7datacapture0_sync_scntvalue_ping_o1                                                              |                                                                            |                2 |              6 |
|  sys_clk           | soc_s7datacapture0_sync_mcntvalue_ping_o1                                                              |                                                                            |                1 |              6 |
|  sys_clk           | lm32_cpu/load_store_unit/soc_videosoc_videosoc_sdram_phaseinjector2_command_storage_reg[5][0]          | sys_rst                                                                    |                3 |              6 |
|  sys_clk           | lm32_cpu/load_store_unit/soc_videosoc_videosoc_sdram_phaseinjector3_command_storage_reg[0][0]          | sys_rst                                                                    |                2 |              6 |
|  sys_clk           | lm32_cpu/load_store_unit/dcache/memories[0].data_memories.way_0_data_ram/byte_enable_m_reg[0]          | lm32_cpu/load_store_unit/dcache/branch_target_m_reg[8][0]                  |                3 |              6 |
|  sys_clk           | soc_s7datacapture2_sync_scntvalue_ping_o1                                                              |                                                                            |                3 |              6 |
|  sys_clk           | soc_s7datacapture2_sync_mcntvalue_ping_o1                                                              |                                                                            |                2 |              6 |
|  sys_clk           | lm32_cpu/load_store_unit/soc_videosoc_videosoc_sdram_phaseinjector0_command_storage_reg[5][0]          | sys_rst                                                                    |                2 |              6 |
|  sys_clk           | soc_s7datacapture1_sync_scntvalue_ping_o1                                                              |                                                                            |                1 |              6 |
|  sys_clk           | soc_s7datacapture1_sync_mcntvalue_ping_o1                                                              |                                                                            |                1 |              6 |
|  sys_clk           | soc_videosoc_videosoc_sdram_sequencer_counter                                                          | sys_rst                                                                    |                2 |              6 |
|  sys_clk           | lm32_cpu/load_store_unit/soc_videosoc_videosoc_sdram_phaseinjector1_address_storage_reg[14][1]         | sys_rst                                                                    |                1 |              7 |
|  sys_clk           | soc_videosoc_info_dna_cnt[6]_i_1_n_0                                                                   | sys_rst                                                                    |                2 |              7 |
|  sys_clk           | lm32_cpu/load_store_unit/soc_videosoc_videosoc_sdram_phaseinjector2_address_storage_reg[8][1]          | sys_rst                                                                    |                1 |              7 |
|  sys_clk           | lm32_cpu/load_store_unit/soc_videosoc_videosoc_sdram_phaseinjector3_address_storage_reg[8][1]          | sys_rst                                                                    |                1 |              7 |
|  sys_clk           | lm32_cpu/load_store_unit/soc_mmcm_adr_storage_reg[0][0]                                                | sys_rst                                                                    |                1 |              7 |
|  sys_clk           | lm32_cpu/load_store_unit/soc_driver_s7hdmioutclocking_mmcm_adr_storage_reg[0][0]                       | sys_rst                                                                    |                1 |              7 |
|  sys_clk           | lm32_cpu/load_store_unit/vns_videosoc_csrbank9_dfii_control0_re                                        | sys_rst                                                                    |                1 |              7 |
|  sys_clk           | lm32_cpu/load_store_unit/soc_videosoc_videosoc_sdram_phaseinjector0_address_storage_reg[14][1]         | sys_rst                                                                    |                1 |              7 |
|  sys_clk           | lm32_cpu/load_store_unit/soc_videosoc_oled_spimaster_sr_mosi[0]                                        | sys_rst                                                                    |                1 |              7 |
|  sys_clk           | lm32_cpu/load_store_unit/soc_dma_slot_array_slot0_address_storage_reg[25][2]                           | sys_rst                                                                    |                3 |              8 |
|  sys_clk           | lm32_cpu/load_store_unit/soc_dma_slot_array_slot1_address_storage_reg[25][1]                           | sys_rst                                                                    |                4 |              8 |
|  sys_clk           | soc_edid_din                                                                                           | sys_rst                                                                    |                2 |              8 |
|  sys_clk           | soc_videosoc_uart_tx_fifo_syncfifo_re                                                                  |                                                                            |                2 |              8 |
|  sys_clk           | lm32_cpu/load_store_unit/vns_videosoc_csrbank6_core_initiator_base_backstore_reg[23][1]                | sys_rst                                                                    |                2 |              8 |
|  sys_clk           | lm32_cpu/load_store_unit/dcache/flush_set[7]_i_1__0_n_0                                                | lm32_cpu/load_store_unit/rst_i0                                            |                2 |              8 |
|  sys_clk           | soc_videosoc_uart_phy_rx_reg                                                                           | sys_rst                                                                    |                1 |              8 |
|  sys_clk           | soc_videosoc_bridge_cmd[7]_i_1_n_0                                                                     |                                                                            |                2 |              8 |
|  sys_clk           | soc_videosoc_uart_phy_source_payload_data                                                              | sys_rst                                                                    |                1 |              8 |
|  sys_clk           | lm32_cpu/load_store_unit/soc_dma_slot_array_slot1_address_storage_reg[25][2]                           | sys_rst                                                                    |                3 |              8 |
|  sys_clk           | soc_videosoc_bridge_length_ce                                                                          |                                                                            |                2 |              8 |
|  sys_clk           | lm32_cpu/load_store_unit/vns_videosoc_csrbank6_core_initiator_base_backstore_reg[23][0]                | sys_rst                                                                    |                2 |              8 |
|  sys_clk           | lm32_cpu/load_store_unit/vns_videosoc_csrbank6_core_initiator_base_backstore_reg[23][2]                | sys_rst                                                                    |                2 |              8 |
|  sys_clk           | lm32_cpu/load_store_unit/soc_dma_slot_array_slot1_address_storage_reg[25][0]                           | sys_rst                                                                    |                4 |              8 |
|  sys_clk           | lm32_cpu/load_store_unit/soc_videosoc_videosoc_sdram_phaseinjector3_address_storage_reg[8][0]          | sys_rst                                                                    |                2 |              8 |
|  sys_clk           | lm32_cpu/load_store_unit/soc_videosoc_videosoc_ctrl_storage_reg[31][2]                                 | sys_rst                                                                    |                5 |              8 |
|  sys_clk           | lm32_cpu/load_store_unit/soc_videosoc_uart_rx_fifo_syncfifo_re                                         |                                                                            |                2 |              8 |
|  sys_clk           | lm32_cpu/load_store_unit/soc_videosoc_uart_phy_storage_reg[31][3]                                      | sys_rst                                                                    |                2 |              8 |
|  sys_clk           | lm32_cpu/load_store_unit/soc_videosoc_uart_phy_storage_reg[31][1]                                      | sys_rst                                                                    |                1 |              8 |
|  sys_clk           | lm32_cpu/load_store_unit/soc_videosoc_uart_phy_storage_reg[31][0]                                      | sys_rst                                                                    |                1 |              8 |
|  sys_clk           | lm32_cpu/load_store_unit/soc_videosoc_uart_phy_storage_reg[31][2]                                      | sys_rst                                                                    |                1 |              8 |
|  sys_clk           | lm32_cpu/load_store_unit/soc_videosoc_videosoc_sdram_phaseinjector2_wrdata_storage_reg[31][2]          | sys_rst                                                                    |                3 |              8 |
|  sys_clk           | lm32_cpu/load_store_unit/soc_driver_s7hdmioutclocking_mmcm_dat_w_storage_reg[9][1]                     | sys_rst                                                                    |                3 |              8 |
|  sys_clk           | lm32_cpu/load_store_unit/soc_videosoc_videosoc_load_storage_reg[25][3]                                 | sys_rst                                                                    |                2 |              8 |
|  sys_clk           | lm32_cpu/load_store_unit/soc_driver_s7hdmioutclocking_mmcm_dat_w_storage_reg[9][0]                     | sys_rst                                                                    |                3 |              8 |
|  hdmi_out0_pix_clk | soc_hdmi_out0_dram_port_rdata_chunk0                                                                   | hdmi_out0_pix_rst                                                          |                2 |              8 |
|  sys_clk           | lm32_cpu/load_store_unit/soc_videosoc_videosoc_sdram_phaseinjector1_address_storage_reg[14][0]         | sys_rst                                                                    |                1 |              8 |
|  sys_clk           | lm32_cpu/load_store_unit/soc_videosoc_oled_spimaster_mosi_storage_reg[7][0]                            | sys_rst                                                                    |                2 |              8 |
|  sys_clk           | lm32_cpu/load_store_unit/soc_videosoc_oled_spimaster_length_storage_reg[0][0]                          | sys_rst                                                                    |                1 |              8 |
|  sys_clk           | lm32_cpu/load_store_unit/soc_videosoc_videosoc_sdram_phaseinjector3_wrdata_storage_reg[24][3]          | sys_rst                                                                    |                3 |              8 |
|  sys_clk           | lm32_cpu/load_store_unit/vns_videosoc_csrbank6_core_initiator_length_backstore_reg[17][1]              | sys_rst                                                                    |                4 |              8 |
|  sys_clk           | lm32_cpu/load_store_unit/soc_videosoc_videosoc_ctrl_storage_reg[31][1]                                 | sys_rst                                                                    |                5 |              8 |
|  sys_clk           | lm32_cpu/load_store_unit/soc_videosoc_videosoc_ctrl_storage_reg[31][3]                                 | sys_rst                                                                    |                4 |              8 |
|  sys_clk           | lm32_cpu/load_store_unit/soc_videosoc_videosoc_ctrl_storage_reg[31][0]                                 | sys_rst                                                                    |                2 |              8 |
|  sys_clk           | lm32_cpu/load_store_unit/soc_videosoc_videosoc_sdram_phaseinjector3_wrdata_storage_reg[24][2]          | sys_rst                                                                    |                2 |              8 |
|  sys_clk           | lm32_cpu/load_store_unit/soc_videosoc_videosoc_sdram_phaseinjector3_wrdata_storage_reg[24][1]          | sys_rst                                                                    |                2 |              8 |
|  sys_clk           | lm32_cpu/load_store_unit/soc_videosoc_videosoc_sdram_phaseinjector3_wrdata_storage_reg[24][0]          | sys_rst                                                                    |                2 |              8 |
|  sys_clk           | lm32_cpu/load_store_unit/vns_videosoc_csrbank6_core_initiator_length_backstore_reg[17][2]              | sys_rst                                                                    |                3 |              8 |
|  sys_clk           | lm32_cpu/load_store_unit/vns_videosoc_csrbank6_core_initiator_length_backstore_reg[17][0]              | sys_rst                                                                    |                3 |              8 |
|  pix1p25x_clk      | soc_s7datacapture2_gearbox_storage[55]_i_1_n_0                                                         |                                                                            |                1 |              8 |
|  pix1p25x_clk      | soc_s7datacapture1_gearbox_storage[15]_i_1_n_0                                                         |                                                                            |                1 |              8 |
|  pix1p25x_clk      | soc_s7datacapture1_gearbox_storage[7]_i_1_n_0                                                          |                                                                            |                2 |              8 |
|  pix1p25x_clk      | soc_s7datacapture0_gearbox_storage[7]_i_1_n_0                                                          |                                                                            |                1 |              8 |
|  sys_clk           | lm32_cpu/load_store_unit/soc_mmcm_dat_w_storage_reg[12][0]                                             | sys_rst                                                                    |                2 |              8 |
|  sys_clk           | soc_videosoc_uart_phy_tx_reg[7]_i_1_n_0                                                                | sys_rst                                                                    |                2 |              8 |
|  sys_clk           | lm32_cpu/load_store_unit/soc_videosoc_videosoc_sdram_phaseinjector0_address_storage_reg[14][0]         | sys_rst                                                                    |                1 |              8 |
|  sys_clk           | lm32_cpu/load_store_unit/soc_videosoc_videosoc_load_storage_reg[25][0]                                 | sys_rst                                                                    |                4 |              8 |
|  sys_clk           | lm32_cpu/load_store_unit/soc_videosoc_videosoc_load_storage_reg[25][1]                                 | sys_rst                                                                    |                2 |              8 |
|  pix1p25x_clk      | soc_s7datacapture2_gearbox_storage[74]                                                                 |                                                                            |                1 |              8 |
|  pix1p25x_clk      | soc_s7datacapture2_gearbox_storage[70]                                                                 |                                                                            |                1 |              8 |
|  pix1p25x_clk      | soc_s7datacapture2_gearbox_storage[63]_i_1_n_0                                                         |                                                                            |                2 |              8 |
|  pix1p25x_clk      | soc_s7datacapture1_gearbox_storage[39]_i_1_n_0                                                         |                                                                            |                1 |              8 |
|  sys_clk           | lm32_cpu/load_store_unit/soc_videosoc_videosoc_reload_storage_reg[25][0]                               | sys_rst                                                                    |                2 |              8 |
|  sys_clk           | lm32_cpu/load_store_unit/soc_videosoc_videosoc_reload_storage_reg[25][2]                               | sys_rst                                                                    |                3 |              8 |
|  sys_clk           | lm32_cpu/load_store_unit/soc_dma_frame_size_storage_reg[25][2]                                         | sys_rst                                                                    |                2 |              8 |
|  sys_clk           | lm32_cpu/load_store_unit/soc_dma_frame_size_storage_reg[25][1]                                         | sys_rst                                                                    |                4 |              8 |
|  sys_clk           | lm32_cpu/load_store_unit/soc_dma_frame_size_storage_reg[25][0]                                         | sys_rst                                                                    |                3 |              8 |
|  pix1p25x_clk      | soc_s7datacapture2_gearbox_storage[47]_i_1_n_0                                                         |                                                                            |                1 |              8 |
|  pix1p25x_clk      | soc_s7datacapture2_gearbox_storage[31]_i_1_n_0                                                         |                                                                            |                1 |              8 |
|  pix1p25x_clk      | soc_s7datacapture2_gearbox_storage[23]_i_1_n_0                                                         |                                                                            |                2 |              8 |
|  pix1p25x_clk      | soc_s7datacapture2_gearbox_storage[39]_i_1_n_0                                                         |                                                                            |                1 |              8 |
|  sys_clk           | lm32_cpu/load_store_unit/soc_videosoc_videosoc_reload_storage_reg[25][1]                               | sys_rst                                                                    |                2 |              8 |
|  sys_clk           | lm32_cpu/load_store_unit/soc_videosoc_videosoc_reload_storage_reg[25][3]                               | sys_rst                                                                    |                2 |              8 |
|  sys_clk           |                                                                                                        | lm32_cpu/load_store_unit/vns_videosoc_interface12_bank_bus_dat_r_reg[0][0] |                3 |              8 |
|  sys_clk           |                                                                                                        | lm32_cpu/load_store_unit/vns_videosoc_interface11_bank_bus_dat_r_reg[0][0] |                5 |              8 |
|  sys_clk           |                                                                                                        | lm32_cpu/load_store_unit/vns_videosoc_interface2_bank_bus_dat_r_reg[0][0]  |                5 |              8 |
|  sys_clk           |                                                                                                        | lm32_cpu/load_store_unit/vns_videosoc_interface4_bank_bus_dat_r_reg[0][0]  |                6 |              8 |
|  sys_clk           |                                                                                                        | lm32_cpu/load_store_unit/vns_videosoc_interface6_bank_bus_dat_r_reg[0][0]  |                5 |              8 |
|  sys_clk           |                                                                                                        | lm32_cpu/load_store_unit/vns_videosoc_interface7_bank_bus_dat_r_reg[0][0]  |                7 |              8 |
|  sys_clk           |                                                                                                        | lm32_cpu/load_store_unit/SR[0]                                             |                7 |              8 |
|  sys_clk           |                                                                                                        | lm32_cpu/load_store_unit/vns_videosoc_interface0_bank_bus_dat_r_reg[0][0]  |                7 |              8 |
|  pix1p25x_clk      | soc_s7datacapture1_gearbox_storage[74]                                                                 |                                                                            |                1 |              8 |
|  sys_clk           |                                                                                                        | lm32_cpu/load_store_unit/vns_videosoc_interface8_bank_bus_dat_r_reg[0][0]  |                4 |              8 |
|  pix1p25x_clk      | soc_s7datacapture1_gearbox_storage[70]                                                                 |                                                                            |                1 |              8 |
|  pix1p25x_clk      | soc_s7datacapture1_gearbox_storage[63]_i_1_n_0                                                         |                                                                            |                1 |              8 |
|  sys_clk           | soc_videosoc_i                                                                                         | sys_rst                                                                    |                2 |              8 |
|  pix1p25x_clk      | soc_s7datacapture1_gearbox_storage[55]_i_1_n_0                                                         |                                                                            |                1 |              8 |
|  sys_clk           |                                                                                                        | lm32_cpu/load_store_unit/vns_videosoc_interface5_bank_bus_dat_r_reg[0][0]  |                4 |              8 |
|  sys_clk           |                                                                                                        | lm32_cpu/load_store_unit/vns_videosoc_interface13_bank_bus_dat_r_reg[0][0] |                5 |              8 |
|  pix1p25x_clk      | soc_s7datacapture1_gearbox_storage[47]_i_1_n_0                                                         |                                                                            |                1 |              8 |
|  sys_clk           | lm32_cpu/load_store_unit/soc_videosoc_videosoc_load_storage_reg[25][2]                                 | sys_rst                                                                    |                3 |              8 |
|  pix1p25x_clk      | soc_s7datacapture1_gearbox_storage[31]_i_1_n_0                                                         |                                                                            |                1 |              8 |
|  sys_clk           | soc_edid_offset_counter[7]_i_1_n_0                                                                     | sys_rst                                                                    |                3 |              8 |
|  pix1p25x_clk      | soc_s7datacapture1_gearbox_storage[23]_i_1_n_0                                                         |                                                                            |                2 |              8 |
|  sys_clk           | lm32_cpu/instruction_unit/icache/flush_set[7]_i_1_n_0                                                  | lm32_cpu/load_store_unit/rst_i0                                            |                3 |              8 |
|  sys_clk           | lm32_cpu/load_store_unit/soc_videosoc_counter_reg[0][0]                                                | sys_rst                                                                    |                5 |              8 |
|  pix1p25x_clk      | soc_s7datacapture2_sync_scntvalue_count[7]_i_2_n_0                                                     | soc_s7datacapture2_sync_scntvalue_count[7]_i_1_n_0                         |                3 |              8 |
|  pix1p25x_clk      | soc_s7datacapture1_sync_mcntvalue_count[7]_i_2_n_0                                                     | soc_s7datacapture1_sync_mcntvalue_count[7]_i_1_n_0                         |                4 |              8 |
|  sys_clk           | lm32_cpu/load_store_unit/soc_videosoc_videosoc_sdram_phaseinjector1_wrdata_storage_reg[31][3]          | sys_rst                                                                    |                1 |              8 |
|  sys_clk           | lm32_cpu/load_store_unit/soc_videosoc_videosoc_sdram_phaseinjector1_wrdata_storage_reg[31][1]          | sys_rst                                                                    |                1 |              8 |
|  sys_clk           | lm32_cpu/load_store_unit/soc_videosoc_videosoc_sdram_phaseinjector1_wrdata_storage_reg[31][2]          | sys_rst                                                                    |                2 |              8 |
|  sys_clk           | lm32_cpu/load_store_unit/soc_videosoc_videosoc_sdram_phaseinjector0_wrdata_storage_reg[24][1]          | sys_rst                                                                    |                4 |              8 |
|  sys_clk           | lm32_cpu/load_store_unit/soc_videosoc_videosoc_sdram_phaseinjector2_wrdata_storage_reg[31][1]          | sys_rst                                                                    |                5 |              8 |
|  sys_clk           | lm32_cpu/load_store_unit/soc_videosoc_videosoc_sdram_phaseinjector1_wrdata_storage_reg[31][0]          | sys_rst                                                                    |                3 |              8 |
|  sys_clk           | lm32_cpu/load_store_unit/soc_videosoc_videosoc_sdram_phaseinjector0_wrdata_storage_reg[24][3]          | sys_rst                                                                    |                2 |              8 |
|  sys_clk           | lm32_cpu/load_store_unit/soc_videosoc_videosoc_sdram_phaseinjector0_wrdata_storage_reg[24][0]          | sys_rst                                                                    |                3 |              8 |
|  sys_clk           | lm32_cpu/load_store_unit/soc_videosoc_videosoc_sdram_phaseinjector0_wrdata_storage_reg[24][2]          | sys_rst                                                                    |                2 |              8 |
|  pix1p25x_clk      | soc_s7datacapture2_gearbox_storage[7]_i_1_n_0                                                          |                                                                            |                1 |              8 |
|  sys_clk           | lm32_cpu/load_store_unit/soc_videosoc_videosoc_sdram_phaseinjector2_wrdata_storage_reg[31][0]          | sys_rst                                                                    |                2 |              8 |
|  sys_clk           | lm32_cpu/load_store_unit/soc_videosoc_videosoc_sdram_phaseinjector2_address_storage_reg[8][0]          | sys_rst                                                                    |                2 |              8 |
|  sys_clk           | lm32_cpu/load_store_unit/soc_videosoc_videosoc_sdram_phaseinjector2_wrdata_storage_reg[31][3]          | sys_rst                                                                    |                2 |              8 |
|  pix1p25x_clk      | soc_s7datacapture0_gearbox_storage[63]_i_1_n_0                                                         |                                                                            |                1 |              8 |
|  pix1p25x_clk      | soc_s7datacapture0_gearbox_storage[74]                                                                 |                                                                            |                1 |              8 |
|  sys_clk           | soc_videosoc_oled_spimaster_inc_cnt                                                                    | soc_videosoc_oled_spimaster_cnt[7]_i_1_n_0                                 |                3 |              8 |
|  pix1p25x_clk      | soc_s7datacapture0_gearbox_storage[47]_i_1_n_0                                                         |                                                                            |                1 |              8 |
|  pix1p25x_clk      | soc_s7datacapture0_gearbox_storage[64]                                                                 |                                                                            |                1 |              8 |
|  pix1p25x_clk      | soc_s7datacapture0_gearbox_storage[55]_i_1_n_0                                                         |                                                                            |                1 |              8 |
|  sys_clk           | lm32_cpu/load_store_unit/soc_core_dmareader_storage_reg[25][0]                                         | sys_rst                                                                    |                2 |              8 |
|  pix1p25x_clk      | soc_s7datacapture2_gearbox_storage[15]_i_1_n_0                                                         |                                                                            |                2 |              8 |
|  pix1p25x_clk      | soc_s7datacapture0_sync_mcntvalue_count[7]_i_2_n_0                                                     | soc_s7datacapture0_sync_mcntvalue_count[7]_i_1_n_0                         |                2 |              8 |
|  pix1p25x_clk      | soc_s7datacapture1_sync_scntvalue_count[7]_i_2_n_0                                                     | soc_s7datacapture1_sync_scntvalue_count[7]_i_1_n_0                         |                3 |              8 |
|  pix1p25x_clk      | soc_s7datacapture2_lateness                                                                            | soc_s7datacapture2_lateness[7]_i_1_n_0                                     |                3 |              8 |
|  pix1p25x_clk      | soc_s7datacapture0_lateness                                                                            | soc_s7datacapture0_lateness[7]_i_1_n_0                                     |                3 |              8 |
|  pix1p25x_clk      | soc_s7datacapture0_gearbox_storage[39]_i_1_n_0                                                         |                                                                            |                1 |              8 |
|  sys_clk           | lm32_cpu/load_store_unit/soc_dma_slot_array_slot0_address_storage_reg[25][0]                           | sys_rst                                                                    |                5 |              8 |
|  sys_clk           | lm32_cpu/load_store_unit/soc_dma_slot_array_slot0_address_storage_reg[25][1]                           | sys_rst                                                                    |                3 |              8 |
|  pix1p25x_clk      | soc_s7datacapture0_gearbox_storage[23]_i_1_n_0                                                         |                                                                            |                3 |              8 |
|  pix1p25x_clk      | soc_s7datacapture0_gearbox_storage[15]_i_1_n_0                                                         |                                                                            |                3 |              8 |
|  pix1p25x_clk      | soc_s7datacapture0_gearbox_storage[31]_i_1_n_0                                                         |                                                                            |                1 |              8 |
|  sys_clk           | lm32_cpu/load_store_unit/soc_mmcm_dat_w_storage_reg[12][1]                                             | sys_rst                                                                    |                2 |              8 |
|  sys_clk           | lm32_cpu/load_store_unit/soc_core_dmareader_storage_reg[25][1]                                         | sys_rst                                                                    |                2 |              8 |
|  pix1p25x_clk      | soc_s7datacapture2_sync_mcntvalue_count[7]_i_2_n_0                                                     | soc_s7datacapture2_sync_mcntvalue_count[7]_i_1_n_0                         |                3 |              8 |
|  sys_clk           | lm32_cpu/load_store_unit/soc_ethmac_reader_length_storage_reg[1]                                       | sys_rst                                                                    |                2 |              8 |
|  pix1p25x_clk      | soc_s7datacapture0_sync_scntvalue_count[7]_i_2_n_0                                                     | soc_s7datacapture0_sync_scntvalue_count[7]_i_1_n_0                         |                3 |              8 |
|  sys_clk           | lm32_cpu/load_store_unit/soc_core_dmareader_storage_reg[25][3]                                         | sys_rst                                                                    |                2 |              8 |
|  sys_clk           | lm32_cpu/load_store_unit/soc_core_dmareader_storage_reg[25][2]                                         | sys_rst                                                                    |                2 |              8 |
|  pix1p25x_clk      | soc_s7datacapture1_lateness                                                                            | soc_s7datacapture1_lateness[7]_i_1_n_0                                     |                3 |              8 |
|  sys_clk           | soc_ethphy_hw_reset_counter_ce                                                                         | sys_rst                                                                    |                3 |              9 |
|  hdmi_in0_pix_clk  |                                                                                                        | data0_cap_write_rst                                                        |                3 |              9 |
|  eth_rx_clk        |                                                                                                        | soc_ethmac_crc32_checker_syncfifo_level                                    |                4 |              9 |
|  sys_clk           | soc_ethmac_reader_counter_ce                                                                           | soc_ethmac_reader_counter[10]_i_1_n_0                                      |                3 |              9 |
|  sys_clk           |                                                                                                        | soc_videosoc_videosoc_sdram_timer_count1[9]_i_1_n_0                        |                2 |             10 |
|  eth_rx_clk        | soc_ethmac_rx_converter_converter_source_payload_data[29]_i_1_n_0                                      | eth_rx_rst                                                                 |                2 |             10 |
|  eth_rx_clk        | soc_ethmac_rx_converter_converter_source_payload_data[39]_i_1_n_0                                      | eth_rx_rst                                                                 |                3 |             10 |
|  eth_rx_clk        | soc_ethmac_rx_converter_converter_source_payload_data[19]_i_1_n_0                                      | eth_rx_rst                                                                 |                3 |             10 |
|  eth_rx_clk        | soc_ethmac_rx_converter_converter_source_payload_data[9]_i_1_n_0                                       | eth_rx_rst                                                                 |                3 |             10 |
|  sys_clk           | lm32_cpu/mc_arithmetic/direction_m_reg                                                                 |                                                                            |                5 |             10 |
|  sys_clk           | lm32_cpu/instruction_unit/pc_f_reg[2]_0[0]                                                             |                                                                            |                6 |             10 |
|  hdmi_in0_pix_clk  |                                                                                                        | soc_resdetection_hcounter[10]_i_1_n_0                                      |                3 |             11 |
|  hdmi_in0_pix_clk  | soc_resdetection_pn_de                                                                                 | soc_resdetection_vcounter[10]_i_1_n_0                                      |                3 |             11 |
|  sys_clk           | soc_videosoc_info_vccaux_status                                                                        | sys_rst                                                                    |                4 |             12 |
|  sys_clk           | lm32_cpu/load_store_unit/soc_core_initiator_csrstorage1_storage_reg[0][0]                              | sys_rst                                                                    |                3 |             12 |
|  sys_clk           | lm32_cpu/load_store_unit/soc_core_initiator_csrstorage4_storage_reg[11][0]                             | sys_rst                                                                    |                2 |             12 |
|  sys_clk           | lm32_cpu/load_store_unit/soc_core_initiator_csrstorage2_storage_reg[0][0]                              | sys_rst                                                                    |                3 |             12 |
|  sys_clk           | lm32_cpu/load_store_unit/soc_core_initiator_csrstorage5_storage_reg[0][0]                              | sys_rst                                                                    |                3 |             12 |
|  hdmi_out0_pix_clk | soc_core_timinggenerator_vcounter[0]_i_2_n_0                                                           | soc_core_timinggenerator_vcounter[0]_i_1_n_0                               |                3 |             12 |
|  sys_clk           | soc_videosoc_info_vccbram_status                                                                       | sys_rst                                                                    |                3 |             12 |
|  sys_clk           | soc_videosoc_info_vccint_status                                                                        | sys_rst                                                                    |                7 |             12 |
|  sys_clk           | soc_videosoc_info_temperature_status                                                                   | sys_rst                                                                    |                6 |             12 |
|  sys_clk           | lm32_cpu/load_store_unit/soc_core_initiator_csrstorage7_storage_reg[0][0]                              | sys_rst                                                                    |                4 |             12 |
|  hdmi_out0_pix_clk | soc_core_timinggenerator_source_ready                                                                  | soc_core_timinggenerator_hcounter[0]_i_1_n_0                               |                3 |             12 |
|  sys_clk           | lm32_cpu/load_store_unit/soc_core_initiator_csrstorage0_storage_reg[0][0]                              | sys_rst                                                                    |                3 |             12 |
|  sys_clk           | lm32_cpu/load_store_unit/soc_core_initiator_csrstorage6_storage_reg[0][0]                              | sys_rst                                                                    |                2 |             12 |
|  sys_clk           | lm32_cpu/load_store_unit/soc_core_initiator_csrstorage3_storage_reg[0][0]                              | sys_rst                                                                    |                3 |             12 |
|  pix1p25x_clk      |                                                                                                        | data0_cap_write_rst                                                        |                3 |             12 |
|  hdmi_out0_pix_clk | soc_core_dmareader_fifo_wrport_we                                                                      | hdmi_out0_pix_rst                                                          |                3 |             12 |
|  hdmi_out0_pix_clk | soc_core_dmareader_rsv_level[0]_i_1_n_0                                                                | hdmi_out0_pix_rst                                                          |                4 |             13 |
|  hdmi_out0_pix_clk | soc_core_dmareader_fifo_level0[0]_i_1_n_0                                                              | hdmi_out0_pix_rst                                                          |                4 |             13 |
|  sys_clk           | soc_videosoc_videosoc_sdram_bankmachine2_row                                                           | sys_rst                                                                    |                4 |             15 |
|  sys_clk           | soc_videosoc_videosoc_sdram_bankmachine5_row                                                           | sys_rst                                                                    |                4 |             15 |
|  sys_clk           | soc_videosoc_videosoc_sdram_bankmachine4_row                                                           | sys_rst                                                                    |                3 |             15 |
|  sys_clk           | soc_videosoc_videosoc_sdram_bankmachine1_row                                                           | sys_rst                                                                    |                5 |             15 |
|  sys_clk           | soc_videosoc_videosoc_sdram_bankmachine3_row                                                           | sys_rst                                                                    |                4 |             15 |
|  sys_clk           | soc_videosoc_videosoc_sdram_bankmachine0_row[14]_i_1_n_0                                               | sys_rst                                                                    |                3 |             15 |
|  eth_tx_clk        | soc_ethmac_padding_inserter_counter_ce                                                                 | soc_ethmac_padding_inserter_counter[14]                                    |                4 |             15 |
|  sys_clk           | soc_videosoc_videosoc_sdram_bankmachine7_row                                                           | sys_rst                                                                    |                3 |             15 |
|  sys_clk           | soc_videosoc_videosoc_sdram_bankmachine6_row                                                           | sys_rst                                                                    |                6 |             15 |
|  hdmi_in0_pix_clk  | soc_frame_cur_word[31]_i_1_n_0                                                                         | hdmi_in0_pix_rst                                                           |                6 |             16 |
|  hdmi_out0_pix_clk | storage_22_reg_0_3_0_5_i_1_n_0                                                                         |                                                                            |                2 |             16 |
|  sys_clk           | soc_videosoc_uart_rx_fifo_wrport_we                                                                    |                                                                            |                2 |             16 |
|  eth_rx_clk        | storage_10_reg_0_7_0_5_i_1_n_0                                                                         |                                                                            |                2 |             16 |
|  hdmi_in0_pix_clk  | soc_frame_cur_word[63]_i_1_n_0                                                                         | hdmi_in0_pix_rst                                                           |                4 |             16 |
|  hdmi_in0_pix_clk  | soc_frame_cur_word[47]_i_1_n_0                                                                         | hdmi_in0_pix_rst                                                           |                5 |             16 |
|  hdmi_in0_pix_clk  | soc_frame_chroma_downsampler_parity                                                                    | hdmi_in0_pix_rst                                                           |                6 |             16 |
|  hdmi_in0_pix_clk  | soc_frame_cur_word[15]_i_1_n_0                                                                         | hdmi_in0_pix_rst                                                           |                7 |             16 |
|  hdmi_out0_pix_clk | storage_26_reg_0_3_0_5_i_1_n_0                                                                         |                                                                            |                2 |             16 |
|  hdmi_in0_pix_clk  | soc_frame_cur_word[79]_i_1_n_0                                                                         | hdmi_in0_pix_rst                                                           |                3 |             16 |
|  hdmi_out0_pix_clk | storage_27_reg_0_3_0_5_i_1_n_0                                                                         |                                                                            |                2 |             16 |
|  hdmi_out0_pix_clk | soc_resetinserter_y_fifo_wrport_we__0                                                                  |                                                                            |                2 |             16 |
|  hdmi_in0_pix_clk  | soc_frame_cur_word[95]_i_1_n_0                                                                         | hdmi_in0_pix_rst                                                           |                3 |             16 |
|  hdmi_in0_pix_clk  | soc_frame_cur_word[111]_i_1_n_0                                                                        | hdmi_in0_pix_rst                                                           |                2 |             16 |
|  hdmi_in0_pix_clk  | soc_frame_cur_word[127]_i_1_n_0                                                                        | hdmi_in0_pix_rst                                                           |                3 |             16 |
|  sys_clk           | lm32_cpu/load_store_unit/soc_ethmac_reader_fifo_wrport_we                                              |                                                                            |                2 |             16 |
|  sys_clk           | lm32_cpu/load_store_unit/soc_videosoc_uart_tx_fifo_produce_reg[3]                                      |                                                                            |                2 |             16 |
|  hdmi_out0_pix_clk |                                                                                                        | soc_driver_hdmi_phy_es2_cnt                                                |                9 |             18 |
|  eth_rx_clk        |                                                                                                        |                                                                            |                7 |             19 |
|  sys_clk           | lm32_cpu/instruction_unit/icache_refill_data_reg[31]_1                                                 | lm32_cpu/load_store_unit/vns_videosoc_count_reg[0]                         |                5 |             20 |
|  eth_tx_clk        |                                                                                                        | eth_tx_rst                                                                 |                9 |             21 |
|  eth_tx_clk        |                                                                                                        |                                                                            |                8 |             22 |
|  sys_clk           | soc_videosoc_sr[31]_i_1_n_0                                                                            | sys_rst                                                                    |                7 |             22 |
|  hdmi_out0_pix_clk |                                                                                                        | soc_resetinserter_parity_out                                               |               10 |             23 |
|  sys_clk           | lm32_cpu/load_store_unit/dcache/eba_reg[9][0]                                                          | lm32_cpu/load_store_unit/rst_i0                                            |                4 |             23 |
|  sys_clk           | soc_videosoc_videosoc_sdram_bandwidth_nwrites[0]_i_1_n_0                                               | soc_videosoc_videosoc_sdram_bandwidth_nwrites                              |                6 |             24 |
|  hdmi_in0_pix_clk  | soc_wer0_period_done                                                                                   | hdmi_in0_pix_rst                                                           |                7 |             24 |
|  sys_clk           | lm32_cpu/load_store_unit/soc_edid_data_bit_reg                                                         |                                                                            |                6 |             24 |
|  sys_clk           | soc_videosoc_videosoc_sdram_bankmachine1_cmd_buffer_pipe_ce                                            | sys_rst                                                                    |                8 |             24 |
|  hdmi_in0_pix_clk  | soc_wer1_period_done                                                                                   | hdmi_in0_pix_rst                                                           |                5 |             24 |
|  hdmi_in0_pix_clk  | soc_wer0_is_error                                                                                      | soc_wer0_wer_counter[0]_i_1_n_0                                            |                6 |             24 |
|  hdmi_in0_pix_clk  | soc_wer1_is_error                                                                                      | soc_wer1_wer_counter[0]_i_1_n_0                                            |                6 |             24 |
|  sys_clk           | soc_videosoc_videosoc_sdram_bankmachine2_cmd_buffer_pipe_ce                                            | sys_rst                                                                    |                8 |             24 |
|  sys_clk           | soc_videosoc_videosoc_sdram_bankmachine6_cmd_buffer_pipe_ce                                            | sys_rst                                                                    |                7 |             24 |
|  sys_clk           | lm32_cpu/load_store_unit/soc_wer0_status_reg[0][0]                                                     | sys_rst                                                                    |                6 |             24 |
|  sys_clk           | soc_videosoc_videosoc_sdram_bankmachine0_cmd_buffer_pipe_ce                                            | sys_rst                                                                    |                9 |             24 |
|  sys_clk           | sel                                                                                                    | soc_videosoc_bridge_count[0]_i_1_n_0                                       |                6 |             24 |
|  sys_clk           | soc_videosoc_videosoc_sdram_bankmachine3_cmd_buffer_pipe_ce                                            | sys_rst                                                                    |                6 |             24 |
|  pix1p25x_clk      |                                                                                                        | pix1p25x_rst                                                               |                8 |             24 |
|  sys_clk           | soc_videosoc_videosoc_sdram_bankmachine7_cmd_buffer_pipe_ce                                            | sys_rst                                                                    |                8 |             24 |
|  sys_clk           | lm32_cpu/load_store_unit/soc_edid_data_bit_reg_2                                                       |                                                                            |                6 |             24 |
|  sys_clk           | soc_wer0_o                                                                                             | sys_rst                                                                    |                4 |             24 |
|  hdmi_in0_pix_clk  | soc_wer2_period_done                                                                                   | hdmi_in0_pix_rst                                                           |                5 |             24 |
|  hdmi_out0_pix_clk | soc_core_dmareader_fifo_rdport_re                                                                      | hdmi_out0_pix_rst                                                          |                7 |             24 |
|  sys_clk           | lm32_cpu/load_store_unit/soc_videosoc_a7ddrphy_bitslip7_value_reg[0][0]                                | lm32_cpu/load_store_unit/soc_videosoc_a7ddrphy_bitslip7_value_reg[0]_0[0]  |                9 |             24 |
|  sys_clk           | soc_wer2_o                                                                                             | sys_rst                                                                    |                4 |             24 |
|  sys_clk           | lm32_cpu/load_store_unit/soc_videosoc_a7ddrphy_bitslip15_value_reg[0][0]                               | lm32_cpu/load_store_unit/soc_videosoc_a7ddrphy_bitslip15_value_reg[0]_0[0] |               12 |             24 |
|  sys_clk           | soc_wer1_o                                                                                             | sys_rst                                                                    |                4 |             24 |
|  sys_clk           | lm32_cpu/load_store_unit/soc_wer1_status_reg[0][0]                                                     | sys_rst                                                                    |                7 |             24 |
|  sys_clk           | soc_videosoc_videosoc_sdram_bankmachine4_cmd_buffer_pipe_ce                                            | sys_rst                                                                    |                7 |             24 |
|  sys_clk           | lm32_cpu/load_store_unit/soc_edid_data_bit_reg_0                                                       |                                                                            |                6 |             24 |
|  sys_clk           | soc_videosoc_videosoc_sdram_bankmachine5_cmd_buffer_pipe_ce                                            | sys_rst                                                                    |                8 |             24 |
|  sys_clk           | lm32_cpu/load_store_unit/soc_wer2_status_reg[0][0]                                                     | sys_rst                                                                    |                8 |             24 |
|  sys_clk           | lm32_cpu/load_store_unit/soc_edid_data_bit_reg_1                                                       |                                                                            |                6 |             24 |
|  sys_clk           | soc_videosoc_videosoc_sdram_bandwidth_nreads                                                           | soc_videosoc_videosoc_sdram_bandwidth_nwrites                              |                6 |             24 |
|  hdmi_in0_pix_clk  | soc_wer2_is_error                                                                                      | soc_wer2_wer_counter[0]_i_1_n_0                                            |                6 |             24 |
|  sys_clk           |                                                                                                        | soc_videosoc_videosoc_sdram_zqcs_timer_count1[0]_i_1_n_0                   |                7 |             27 |
|  eth_rx_clk        |                                                                                                        | eth_rx_rst                                                                 |               11 |             27 |
|  sys_clk           | lm32_cpu/instruction_unit/icache/i_adr_o_reg[27]                                                       | lm32_cpu/load_store_unit/rst_i0                                            |               11 |             28 |
|  hdmi_out0_pix_clk | soc_core_dmareader_offset_videoout_next_value_ce                                                       | soc_core_dmareader_offset[0]_i_1_n_0                                       |                7 |             28 |
|  sys_clk           | lm32_cpu/load_store_unit/dcache/refill_address[31]_i_1_n_0                                             |                                                                            |                6 |             28 |
|  sys_clk           | lm32_cpu/instruction_unit/icache/refill_address[31]_i_1__0_n_0                                         |                                                                            |               13 |             30 |
|  sys_clk           | lm32_cpu/load_store_unit/dcache/restart_address_reg[31][0]                                             | lm32_cpu/load_store_unit/rst_i0                                            |                7 |             30 |
|  sys_clk           | soc_videosoc_bridge_address[29]_i_1_n_0                                                                |                                                                            |               10 |             30 |
|  sys_clk           |                                                                                                        | soc_videosoc_uart_phy_phase_accumulator_rx[30]_i_1_n_0                     |                8 |             31 |
|  sys_clk           |                                                                                                        | soc_videosoc_uart_phy_phase_accumulator_tx[31]_i_1_n_0                     |                8 |             32 |
|  sys_clk           | lm32_cpu/load_store_unit/soc_videosoc_videosoc_sdram_bankmachine4_cmd_buffer_lookahead_level_reg[1]    |                                                                            |                4 |             32 |
|  sys_clk           | lm32_cpu/load_store_unit/soc_videosoc_videosoc_sdram_bankmachine5_cmd_buffer_lookahead_level_reg[1]    |                                                                            |                4 |             32 |
|  sys_clk           | lm32_cpu/load_store_unit/soc_videosoc_bridge_data_reg[0][0]                                            |                                                                            |               12 |             32 |
|  sys_clk           | lm32_cpu/load_store_unit/soc_videosoc_videosoc_sdram_bankmachine6_cmd_buffer_lookahead_level_reg[1]    |                                                                            |                4 |             32 |
|  sys_clk           | soc_ethmac_writer_errors_status_liteethmac_next_value_ce                                               | sys_rst                                                                    |                9 |             32 |
|  sys_clk           | soc_videosoc_videosoc_ctrl_bus_errors                                                                  | sys_rst                                                                    |                8 |             32 |
|  sys_clk           | soc_freqmeter_sampler_latch                                                                            | sys_rst                                                                    |                9 |             32 |
|  sys_clk           | soc_ethmac_ps_crc_error_o                                                                              | sys_rst                                                                    |                8 |             32 |
|  sys_clk           | lm32_cpu/mc_arithmetic/result_x_reg[0]_0                                                               | lm32_cpu/load_store_unit/rst_i0                                            |                5 |             32 |
|  sys_clk           | lm32_cpu/load_store_unit/soc_core_initiator_csrstorage8_storage_reg[0][0]                              | sys_rst                                                                    |               12 |             32 |
|  sys_clk           | lm32_cpu/load_store_unit/soc_videosoc_videosoc_sdram_bankmachine7_cmd_buffer_lookahead_level_reg[1]    |                                                                            |                4 |             32 |
|  sys_clk           | lm32_cpu/load_store_unit/soc_videosoc_videosoc_sdram_bankmachine0_cmd_buffer_lookahead_level_reg[1]    |                                                                            |                4 |             32 |
|  sys_clk           | lm32_cpu/load_store_unit/dcache/d_cyc_o116_out                                                         | lm32_cpu/load_store_unit/rst_i0                                            |                7 |             32 |
|  sys_clk           | lm32_cpu/load_store_unit/dcache/d_cyc_o6_out                                                           | lm32_cpu/load_store_unit/rst_i0                                            |               11 |             32 |
|  sys_clk           | lm32_cpu/load_store_unit/dcache/im_reg[31][0]                                                          | lm32_cpu/load_store_unit/rst_i0                                            |               24 |             32 |
|  sys_clk           | lm32_cpu/load_store_unit/wb_load_complete                                                              | lm32_cpu/load_store_unit/rst_i0                                            |                7 |             32 |
|  sys_clk           | soc_ethmac_ps_preamble_error_o                                                                         | sys_rst                                                                    |                8 |             32 |
|  sys_clk           | lm32_cpu/instruction_unit/E[0]                                                                         | lm32_cpu/load_store_unit/rst_i0                                            |                7 |             32 |
|  sys_clk           | p_619_out                                                                                              | soc_ethmac_writer_counter[0]_i_1_n_0                                       |                8 |             32 |
|  sys_clk           | lm32_cpu/load_store_unit/soc_core_initiator_csrstorage9_storage_reg[31][0]                             | sys_rst                                                                    |                7 |             32 |
|  sys_clk           | lm32_cpu/load_store_unit/icache_refill_data_reg[31]                                                    | lm32_cpu/load_store_unit/rst_i0                                            |               11 |             32 |
|  hdmi_out0_pix_clk | soc_core_underflow_counter[0]_i_2_n_0                                                                  | soc_core_underflow_counter[0]_i_1_n_0                                      |                8 |             32 |
|  hdmi_out0_pix_clk | soc_core_o                                                                                             | hdmi_out0_pix_rst                                                          |                9 |             32 |
|  eth_tx_clk        | soc_ethmac_crc32_inserter_ce                                                                           | soc_ethmac_crc32_inserter_reg                                              |               11 |             32 |
|  sys_clk           | lm32_cpu/load_store_unit/soc_videosoc_videosoc_sdram_bankmachine1_cmd_buffer_lookahead_level_reg[1]    |                                                                            |                4 |             32 |
|  sys_clk           | lm32_cpu/load_store_unit/soc_videosoc_videosoc_sdram_bankmachine3_cmd_buffer_lookahead_level_reg[1]    |                                                                            |                4 |             32 |
|  eth_rx_clk        | soc_ethmac_crc32_checker_crc_ce                                                                        | soc_ethmac_crc32_checker_syncfifo_level                                    |               11 |             32 |
|  sys_clk           | soc_videosoc_videosoc_update_value_re                                                                  | sys_rst                                                                    |                9 |             32 |
|  sys_clk           | lm32_cpu/load_store_unit/soc_videosoc_videosoc_sdram_bankmachine2_cmd_buffer_lookahead_level_reg[1]    |                                                                            |                4 |             32 |
|  hdmi_out0_pix_clk | soc_hdmi_out0_dram_port_cmd_buffer_sink_valid__0                                                       |                                                                            |                5 |             40 |
|  hdmi_out0_pix_clk |                                                                                                        |                                                                            |               15 |             42 |
|  sys_clk           | soc_videosoc_videosoc_sdram_bandwidth_period                                                           | sys_rst                                                                    |               10 |             48 |
|  sys_clk           | soc_ethmac_writer_fifo_wrport_we__0                                                                    |                                                                            |                6 |             48 |
|  sys_clk           | lm32_cpu/load_store_unit/soc_videosoc_videosoc_sdram_bandwidth_nwrites_status_reg[0][0]                | sys_rst                                                                    |               10 |             48 |
|  sys_clk           | soc_dma_current_address[0]_i_1_n_0                                                                     | sys_rst                                                                    |               14 |             50 |
|  sys_clk           | soc_videosoc_info_dna_status                                                                           | sys_rst                                                                    |               13 |             57 |
|  sys_clk           |                                                                                                        | soc_freqmeter_sampler_counter                                              |               16 |             64 |
|  sys_clk           | lm32_cpu/mc_arithmetic/cycles[5]_i_1_n_0                                                               | lm32_cpu/load_store_unit/rst_i0                                            |               21 |             70 |
|  pix1p25x_clk      |                                                                                                        |                                                                            |               23 |             79 |
|  sys_clk           | lm32_cpu/instruction_unit/pc_f_reg[2]_0[0]                                                             | lm32_cpu/load_store_unit/rst_i0                                            |               29 |             92 |
|  sys_clk           | lm32_cpu/load_store_unit/dcache/reg_write_enable_q_w                                                   |                                                                            |               12 |             96 |
|  sys_clk           | soc_videosoc_videosoc_sdram_inti_p0_rddata_valid                                                       | sys_rst                                                                    |               55 |            128 |
|  hdmi_out0_pix_clk | soc_hdmi_out0_dram_port_rdata_buffer_pipe_ce                                                           | hdmi_out0_pix_rst                                                          |               33 |            129 |
|  sys_clk           | lm32_cpu/load_store_unit/dcache/memories[0].data_memories.way_0_data_ram/byte_enable_m_reg[0]          | lm32_cpu/load_store_unit/rst_i0                                            |               50 |            161 |
|  sys_clk           | storage_19_reg_0_15_0_5_i_1_n_0                                                                        |                                                                            |               22 |            176 |
|  sys_clk           | storage_21_reg_0_15_0_5_i_1_n_0                                                                        |                                                                            |               22 |            176 |
|  sys_clk           |                                                                                                        | lm32_cpu/load_store_unit/rst_i0                                            |               59 |            187 |
|  hdmi_in0_pix_clk  |                                                                                                        |                                                                            |               57 |            192 |
|  sys_clk           | soc_core_initiator_cdc_wrport_we                                                                       |                                                                            |               27 |            216 |
|  sys_clk           | lm32_cpu/mc_arithmetic/direction_m_reg                                                                 | lm32_cpu/load_store_unit/rst_i0                                            |               79 |            221 |
|  hdmi_out0_pix_clk |                                                                                                        | hdmi_out0_pix_rst                                                          |               99 |            322 |
|  sys_clk           |                                                                                                        |                                                                            |              148 |            417 |
|  hdmi_in0_pix_clk  |                                                                                                        | hdmi_in0_pix_rst                                                           |              183 |            577 |
|  sys_clk           |                                                                                                        | sys_rst                                                                    |              332 |            886 |
+--------------------+--------------------------------------------------------------------------------------------------------+----------------------------------------------------------------------------+------------------+----------------+


+--------+-----------------------+
| Fanout | Number of ControlSets |
+--------+-----------------------+
| 1      |                     8 |
| 2      |                     7 |
| 4      |                    46 |
| 5      |                    16 |
| 6      |                    12 |
| 7      |                     9 |
| 8      |                   127 |
| 9      |                     4 |
| 10     |                     7 |
| 11     |                     2 |
| 12     |                    16 |
| 13     |                     2 |
| 15     |                     9 |
| 16+    |                   120 |
+--------+-----------------------+


