Copyright 1986-2017 Xilinx, Inc. All Rights Reserved.
--------------------------------------------------------------------------------------------------------------
| Tool Version : Vivado v.2017.3 (lin64) Build 2018833 Wed Oct  4 19:58:07 MDT 2017
| Date         : Thu Oct  4 23:47:19 2018
| Host         : travis-job-timvideos-hdmi2usb-litex-436221361.travisci.net running 64-bit Ubuntu 14.04.5 LTS
| Command      : report_utilization -file top_utilization_synth.rpt
| Design       : top
| Device       : 7a100tcsg324-1
| Design State : Synthesized
--------------------------------------------------------------------------------------------------------------

Utilization Design Information

Table of Contents
-----------------
1. Slice Logic
1.1 Summary of Registers by Type
2. Memory
3. DSP
4. IO and GT Specific
5. Clocking
6. Specific Feature
7. Primitives
8. Black Boxes
9. Instantiated Netlists

1. Slice Logic
--------------

+----------------------------+------+-------+-----------+-------+
|          Site Type         | Used | Fixed | Available | Util% |
+----------------------------+------+-------+-----------+-------+
| Slice LUTs*                | 3574 |     0 |     63400 |  5.64 |
|   LUT as Logic             | 3380 |     0 |     63400 |  5.33 |
|   LUT as Memory            |  194 |     0 |     19000 |  1.02 |
|     LUT as Distributed RAM |  192 |     0 |           |       |
|     LUT as Shift Register  |    2 |     0 |           |       |
| Slice Registers            | 2957 |     0 |    126800 |  2.33 |
|   Register as Flip Flop    | 2957 |     0 |    126800 |  2.33 |
|   Register as Latch        |    0 |     0 |    126800 |  0.00 |
| F7 Muxes                   |  100 |     0 |     31700 |  0.32 |
| F8 Muxes                   |    4 |     0 |     15850 |  0.03 |
+----------------------------+------+-------+-----------+-------+
* Warning! The Final LUT count, after physical optimizations and full implementation, is typically lower. Run opt_design after synthesis, if not already completed, for a more realistic count.


1.1 Summary of Registers by Type
--------------------------------

+-------+--------------+-------------+--------------+
| Total | Clock Enable | Synchronous | Asynchronous |
+-------+--------------+-------------+--------------+
| 0     |            _ |           - |            - |
| 0     |            _ |           - |          Set |
| 0     |            _ |           - |        Reset |
| 0     |            _ |         Set |            - |
| 0     |            _ |       Reset |            - |
| 0     |          Yes |           - |            - |
| 4     |          Yes |           - |          Set |
| 0     |          Yes |           - |        Reset |
| 101   |          Yes |         Set |            - |
| 2852  |          Yes |       Reset |            - |
+-------+--------------+-------------+--------------+


2. Memory
---------

+-------------------+------+-------+-----------+-------+
|     Site Type     | Used | Fixed | Available | Util% |
+-------------------+------+-------+-----------+-------+
| Block RAM Tile    | 27.5 |     0 |       135 | 20.37 |
|   RAMB36/FIFO*    |   18 |     0 |       135 | 13.33 |
|     RAMB36E1 only |   18 |       |           |       |
|   RAMB18          |   19 |     0 |       270 |  7.04 |
|     RAMB18E1 only |   19 |       |           |       |
+-------------------+------+-------+-----------+-------+
* Note: Each Block RAM Tile only has one FIFO logic available and therefore can accommodate only one FIFO36E1 or one FIFO18E1. However, if a FIFO18E1 occupies a Block RAM Tile, that tile can still accommodate a RAMB18E1


3. DSP
------

+----------------+------+-------+-----------+-------+
|    Site Type   | Used | Fixed | Available | Util% |
+----------------+------+-------+-----------+-------+
| DSPs           |    3 |     0 |       240 |  1.25 |
|   DSP48E1 only |    3 |       |           |       |
+----------------+------+-------+-----------+-------+


4. IO and GT Specific
---------------------

+-----------------------------+------+-------+-----------+-------+
|          Site Type          | Used | Fixed | Available | Util% |
+-----------------------------+------+-------+-----------+-------+
| Bonded IOB                  |   56 |    56 |       210 | 26.67 |
|   IOB Master Pads           |   28 |       |           |       |
|   IOB Slave Pads            |   26 |       |           |       |
| Bonded IPADs                |    0 |     0 |         2 |  0.00 |
| PHY_CONTROL                 |    0 |     0 |         6 |  0.00 |
| PHASER_REF                  |    0 |     0 |         6 |  0.00 |
| OUT_FIFO                    |    0 |     0 |        24 |  0.00 |
| IN_FIFO                     |    0 |     0 |        24 |  0.00 |
| IDELAYCTRL                  |    1 |     0 |         6 | 16.67 |
| IBUFDS                      |    0 |     0 |       202 |  0.00 |
| PHASER_OUT/PHASER_OUT_PHY   |    0 |     0 |        24 |  0.00 |
| PHASER_IN/PHASER_IN_PHY     |    0 |     0 |        24 |  0.00 |
| IDELAYE2/IDELAYE2_FINEDELAY |   16 |    16 |       300 |  5.33 |
|   IDELAYE2 only             |   16 |    16 |           |       |
| ILOGIC                      |   16 |    16 |       210 |  7.62 |
|   ISERDES                   |   16 |    16 |           |       |
| OLOGIC                      |   45 |    45 |       210 | 21.43 |
|   OSERDES                   |   45 |    45 |           |       |
+-----------------------------+------+-------+-----------+-------+


5. Clocking
-----------

+------------+------+-------+-----------+-------+
|  Site Type | Used | Fixed | Available | Util% |
+------------+------+-------+-----------+-------+
| BUFGCTRL   |    5 |     0 |        32 | 15.63 |
| BUFIO      |    0 |     0 |        24 |  0.00 |
| MMCME2_ADV |    0 |     0 |         6 |  0.00 |
| PLLE2_ADV  |    1 |     0 |         6 | 16.67 |
| BUFMRCE    |    0 |     0 |        12 |  0.00 |
| BUFHCE     |    0 |     0 |        96 |  0.00 |
| BUFR       |    0 |     0 |        24 |  0.00 |
+------------+------+-------+-----------+-------+


6. Specific Feature
-------------------

+-------------+------+-------+-----------+--------+
|  Site Type  | Used | Fixed | Available |  Util% |
+-------------+------+-------+-----------+--------+
| BSCANE2     |    0 |     0 |         4 |   0.00 |
| CAPTUREE2   |    0 |     0 |         1 |   0.00 |
| DNA_PORT    |    1 |     0 |         1 | 100.00 |
| EFUSE_USR   |    0 |     0 |         1 |   0.00 |
| FRAME_ECCE2 |    0 |     0 |         1 |   0.00 |
| ICAPE2      |    0 |     0 |         2 |   0.00 |
| PCIE_2_1    |    0 |     0 |         1 |   0.00 |
| STARTUPE2   |    1 |     0 |         1 | 100.00 |
| XADC        |    1 |     0 |         1 | 100.00 |
+-------------+------+-------+-----------+--------+


7. Primitives
-------------

+------------+------+---------------------+
|  Ref Name  | Used | Functional Category |
+------------+------+---------------------+
| FDRE       | 2852 |        Flop & Latch |
| LUT6       | 1400 |                 LUT |
| LUT5       |  848 |                 LUT |
| LUT3       |  581 |                 LUT |
| LUT4       |  499 |                 LUT |
| LUT2       |  437 |                 LUT |
| RAMD32     |  288 |  Distributed Memory |
| CARRY4     |  161 |          CarryLogic |
| FDSE       |  101 |        Flop & Latch |
| MUXF7      |  100 |               MuxFx |
| RAMS32     |   96 |  Distributed Memory |
| LUT1       |   84 |                 LUT |
| OSERDESE2  |   45 |                  IO |
| OBUF       |   31 |                  IO |
| RAMB18E1   |   19 |        Block Memory |
| IBUF       |   19 |                  IO |
| RAMB36E1   |   18 |        Block Memory |
| OBUFT      |   16 |                  IO |
| ISERDESE2  |   16 |                  IO |
| IDELAYE2   |   16 |                  IO |
| BUFG       |    5 |               Clock |
| OBUFTDS    |    4 |                  IO |
| MUXF8      |    4 |               MuxFx |
| FDPE       |    4 |        Flop & Latch |
| INV        |    3 |                 LUT |
| DSP48E1    |    3 |    Block Arithmetic |
| SRL16E     |    2 |  Distributed Memory |
| OBUFDS     |    2 |                  IO |
| XADC       |    1 |              Others |
| STARTUPE2  |    1 |              Others |
| PLLE2_ADV  |    1 |               Clock |
| IDELAYCTRL |    1 |                  IO |
| DNA_PORT   |    1 |              Others |
+------------+------+---------------------+


8. Black Boxes
--------------

+----------+------+
| Ref Name | Used |
+----------+------+


9. Instantiated Netlists
------------------------

+----------+------+
| Ref Name | Used |
+----------+------+


