Copyright 1986-2017 Xilinx, Inc. All Rights Reserved.
--------------------------------------------------------------------------------------------------------------
| Tool Version : Vivado v.2017.3 (lin64) Build 2018833 Wed Oct  4 19:58:07 MDT 2017
| Date         : Sun Nov 18 01:18:19 2018
| Host         : travis-job-timvideos-hdmi2usb-litex-456468519.travisci.net running 64-bit Ubuntu 14.04.5 LTS
| Command      : report_clock_utilization -file top_clock_utilization.rpt
| Design       : top
| Device       : 7a35t-csg324
| Speed File   : -1  PRODUCTION 1.19 2017-08-11
--------------------------------------------------------------------------------------------------------------

Clock Utilization Report

Table of Contents
-----------------
1. Clock Primitive Utilization
2. Global Clock Resources
3. Global Clock Source Details
4. Local Clock Details
5. Clock Regions: Key Resource Utilization
6. Clock Regions : Global Clock Summary
7. Device Cell Placement Summary for Global Clock g0
8. Device Cell Placement Summary for Global Clock g1
9. Device Cell Placement Summary for Global Clock g2
10. Device Cell Placement Summary for Global Clock g3
11. Device Cell Placement Summary for Global Clock g4
12. Device Cell Placement Summary for Global Clock g5
13. Device Cell Placement Summary for Global Clock g6
14. Device Cell Placement Summary for Global Clock g7
15. Clock Region Cell Placement per Global Clock: Region X0Y0
16. Clock Region Cell Placement per Global Clock: Region X1Y0
17. Clock Region Cell Placement per Global Clock: Region X0Y1
18. Clock Region Cell Placement per Global Clock: Region X1Y1

1. Clock Primitive Utilization
------------------------------

+----------+------+-----------+-----+--------------+--------+
| Type     | Used | Available | LOC | Clock Region | Pblock |
+----------+------+-----------+-----+--------------+--------+
| BUFGCTRL |    7 |        32 |   0 |            0 |      0 |
| BUFH     |    0 |        72 |   0 |            0 |      0 |
| BUFIO    |    0 |        20 |   0 |            0 |      0 |
| BUFMR    |    0 |        10 |   0 |            0 |      0 |
| BUFR     |    1 |        20 |   0 |            0 |      0 |
| MMCM     |    0 |         5 |   0 |            0 |      0 |
| PLL      |    1 |         5 |   0 |            0 |      0 |
+----------+------+-----------+-----+--------------+--------+


2. Global Clock Resources
-------------------------

+-----------+-----------+-----------------+------------+----------------+--------------+-------------------+-------------+-----------------+--------------+--------------------------+--------------------------------+--------------------+
| Global Id | Source Id | Driver Type/Pin | Constraint | Site           | Clock Region | Load Clock Region | Clock Loads | Non-Clock Loads | Clock Period | Clock                    | Driver Pin                     | Net                |
+-----------+-----------+-----------------+------------+----------------+--------------+-------------------+-------------+-----------------+--------------+--------------------------+--------------------------------+--------------------+
| g0        | src0      | BUFG/O          | None       | BUFGCTRL_X0Y16 | n/a          |                 4 |        4317 |               0 |       10.000 | sys_clk                  | BUFG/O                         | sys_clk            |
| g1        | src1      | BUFG/O          | None       | BUFGCTRL_X0Y21 | n/a          |                 1 |         140 |               0 |       40.000 | eth_rx_clk               | eth_clocks_rx_IBUF_BUFG_inst/O | eth_rx_clk         |
| g2        | src2      | BUFG/O          | None       | BUFGCTRL_X0Y22 | n/a          |                 2 |         103 |               0 |       40.000 | eth_tx_clk               | eth_clocks_tx_IBUF_BUFG_inst/O | eth_tx_clk         |
| g3        | src0      | BUFG/O          | None       | BUFGCTRL_X0Y17 | n/a          |                 1 |          75 |               0 |        2.500 | soc_netsoc_pll_sys4x     | BUFG_1/O                       | sys4x_clk          |
| g4        | src0      | BUFG/O          | None       | BUFGCTRL_X0Y18 | n/a          |                 1 |           8 |               0 |        5.000 | soc_netsoc_pll_clk200    | BUFG_3/O                       | clk200_clk         |
| g5        | src0      | BUFG/O          | None       | BUFGCTRL_X0Y19 | n/a          |                 1 |           2 |               0 |        2.500 | soc_netsoc_pll_sys4x_dqs | BUFG_2/O                       | sys4x_dqs_clk      |
| g6        | src3      | BUFG/O          | None       | BUFGCTRL_X0Y20 | n/a          |                 1 |           0 |               1 |       40.000 | soc_netsoc_eth_clk       | BUFG_6/O                       | eth_ref_clk_OBUF   |
| g7        | src4      | BUFR/O          | None       | BUFR_X1Y5      | X1Y1         |                 1 |           0 |               1 |       40.000 | soc_netsoc_eth_clk       | BUFR/O                         | soc_netsoc_eth_clk |
+-----------+-----------+-----------------+------------+----------------+--------------+-------------------+-------------+-----------------+--------------+--------------------------+--------------------------------+--------------------+
* Clock Loads column represents the clock pin loads (pin count)
** Non-Clock Loads column represents the non-clock pin loads (pin count)


3. Global Clock Source Details
------------------------------

+-----------+-----------+-------------------+------------+----------------+--------------+-------------+-----------------+---------------------+--------------------------+---------------------------+--------------------------+
| Source Id | Global Id | Driver Type/Pin   | Constraint | Site           | Clock Region | Clock Loads | Non-Clock Loads | Source Clock Period | Source Clock             | Driver Pin                | Net                      |
+-----------+-----------+-------------------+------------+----------------+--------------+-------------+-----------------+---------------------+--------------------------+---------------------------+--------------------------+
| src0      | g4        | PLLE2_ADV/CLKOUT3 | None       | PLLE2_ADV_X1Y1 | X1Y1         |           1 |               0 |               5.000 | soc_netsoc_pll_clk200    | PLLE2_BASE/CLKOUT3        | soc_netsoc_pll_clk200    |
| src0      | g0        | PLLE2_ADV/CLKOUT0 | None       | PLLE2_ADV_X1Y1 | X1Y1         |           1 |               0 |              10.000 | soc_netsoc_pll_sys       | PLLE2_BASE/CLKOUT0        | soc_netsoc_pll_sys       |
| src0      | g3        | PLLE2_ADV/CLKOUT1 | None       | PLLE2_ADV_X1Y1 | X1Y1         |           1 |               0 |               2.500 | soc_netsoc_pll_sys4x     | PLLE2_BASE/CLKOUT1        | soc_netsoc_pll_sys4x     |
| src0      | g5        | PLLE2_ADV/CLKOUT2 | None       | PLLE2_ADV_X1Y1 | X1Y1         |           1 |               0 |               2.500 | soc_netsoc_pll_sys4x_dqs | PLLE2_BASE/CLKOUT2        | soc_netsoc_pll_sys4x_dqs |
| src1      | g1        | IBUF/O            | IOB_X0Y72  | IOB_X0Y72      | X0Y1         |           1 |               0 |                     |                          | eth_clocks_rx_IBUF_inst/O | eth_clocks_rx_IBUF       |
| src2      | g2        | IBUF/O            | IOB_X0Y74  | IOB_X0Y74      | X0Y1         |           1 |               0 |                     |                          | eth_clocks_tx_IBUF_inst/O | eth_clocks_tx_IBUF       |
| src3      | g6        | BUFR/O            | None       | BUFR_X1Y5      | X1Y1         |           1 |               0 |              40.000 | soc_netsoc_eth_clk       | BUFR/O                    | soc_netsoc_eth_clk       |
| src4      | g7        | IBUF/O            | IOB_X1Y76  | IOB_X1Y76      | X1Y1         |           2 |               0 |              10.000 | clk100                   | clk100_IBUF_inst/O        | clk100_IBUF              |
+-----------+-----------+-------------------+------------+----------------+--------------+-------------+-----------------+---------------------+--------------------------+---------------------------+--------------------------+
* Clock Loads column represents the clock pin loads (pin count)
** Non-Clock Loads column represents the non-clock pin loads (pin count)


4. Local Clock Details
----------------------

+----------+-----------------+------------+------------------+--------------+-------------+-----------------+--------------+-------+-----------------------------+------------------------------+
| Local Id | Driver Type/Pin | Constraint | Site/BEL         | Clock Region | Clock Loads | Non-Clock Loads | Clock Period | Clock | Driver Pin                  | Net                          |
+----------+-----------------+------------+------------------+--------------+-------------+-----------------+--------------+-------+-----------------------------+------------------------------||
| 0        | FDRE/Q          | None       | SLICE_X29Y23/AFF | X0Y0         |           1 |               8 |              |       | soc_netsoc_dna_cnt_reg[0]/Q | soc_netsoc_dna_cnt_reg__0[0] - Static -
+----------+-----------------+------------+------------------+--------------+-------------+-----------------+--------------+-------+-----------------------------+------------------------------||
* Local Clocks in this context represents only clocks driven by non-global buffers
** Clock Loads column represents the clock pin loads (pin count)
*** Non-Clock Loads column represents the non-clock pin loads (pin count)


5. Clock Regions: Key Resource Utilization
------------------------------------------

+-------------------+--------------+--------------+--------------+--------------+--------------+--------------+--------------+--------------+--------------+--------------+--------------+--------------+--------------+--------------+--------------+
|                   | Global Clock |     BUFRs    |    BUFMRs    |    BUFIOs    |     MMCM     |      PLL     |      GT      |      PCI     |    ILOGIC    |    OLOGIC    |      FF      |     LUTM     |    RAMB18    |    RAMB36    |    DSP48E2   |
+-------------------+------+-------+------+-------+------+-------+------+-------+------+-------+------+-------+------+-------+------+-------+------+-------+------+-------+------+-------+------+-------+------+-------+------+-------+------+-------+
| Clock Region Name | Used | Avail | Used | Avail | Used | Avail | Used | Avail | Used | Avail | Used | Avail | Used | Avail | Used | Avail | Used | Avail | Used | Avail | Used | Avail | Used | Avail | Used | Avail | Used | Avail | Used | Avail |
+-------------------+------+-------+------+-------+------+-------+------+-------+------+-------+------+-------+------+-------+------+-------+------+-------+------+-------+------+-------+------+-------+------+-------+------+-------+------+-------+
| X0Y0              |    3 |    12 |    0 |     4 |    0 |     2 |    0 |     4 |    0 |     1 |    0 |     1 |    0 |     0 |    0 |     0 |    0 |    50 |    0 |    50 |  936 |  1200 |  307 |   400 |    5 |    20 |    5 |    10 |    4 |    20 |
| X1Y0              |    5 |    12 |    0 |     4 |    0 |     2 |    0 |     4 |    0 |     1 |    0 |     1 |    0 |     0 |    0 |     0 |   16 |    50 |   45 |    50 | 3401 |  1500 | 1022 |   450 |   13 |    40 |    4 |    20 |    0 |    20 |
| X0Y1              |    2 |    12 |    0 |     4 |    0 |     2 |    0 |     4 |    0 |     1 |    0 |     1 |    0 |     0 |    0 |     0 |    0 |    50 |    0 |    50 |    0 |  1200 |    0 |   400 |    0 |    20 |    3 |    10 |    0 |    20 |
| X1Y1              |    1 |    12 |    1 |     4 |    0 |     2 |    0 |     4 |    0 |     1 |    0 |     1 |    0 |     0 |    0 |     0 |    0 |    50 |    0 |    50 |   18 |  1500 |    9 |   450 |    0 |    40 |    7 |    20 |    0 |    20 |
| X0Y2              |    0 |    12 |    0 |     4 |    0 |     2 |    0 |     4 |    0 |     1 |    0 |     1 |    0 |     0 |    0 |     0 |    0 |    50 |    0 |    50 |    0 |  1800 |    0 |   400 |    0 |    20 |    0 |    10 |    0 |    20 |
| X1Y2              |    0 |    12 |    0 |     0 |    0 |     0 |    0 |     0 |    0 |     0 |    0 |     0 |    0 |     4 |    0 |     1 |    0 |     0 |    0 |     0 |    0 |   950 |    0 |   300 |    0 |    10 |    0 |     5 |    0 |    20 |
+-------------------+------+-------+------+-------+------+-------+------+-------+------+-------+------+-------+------+-------+------+-------+------+-------+------+-------+------+-------+------+-------+------+-------+------+-------+------+-------+
* Global Clock column represents track count; while other columns represents cell counts


6. Clock Regions : Global Clock Summary
---------------------------------------

All Modules
+----+----+----+
|    | X0 | X1 |
+----+----+----+
| Y2 |  0 |  0 |
| Y1 |  2 |  1 |
| Y0 |  3 |  5 |
+----+----+----+


7. Device Cell Placement Summary for Global Clock g0
----------------------------------------------------

+-----------+-----------------+-------------------+---------+-------------+---------------+-------------+----------+----------------+----------+---------+
| Global Id | Driver Type/Pin | Driver Region (D) | Clock   | Period (ns) | Waveform (ns) | Slice Loads | IO Loads | Clocking Loads | GT Loads | Net     |
+-----------+-----------------+-------------------+---------+-------------+---------------+-------------+----------+----------------+----------+---------+
| g0        | BUFG/O          | n/a               | sys_clk |      10.000 | {0.000 5.000} |        4186 |       61 |              0 |        0 | sys_clk |
+-----------+-----------------+-------------------+---------+-------------+---------------+-------------+----------+----------------+----------+---------+
* Logic Loads column represents load cell count of all cell types other than IO, GT and clock resources
** IO Loads column represents load cell count of IO types
*** Clocking Loads column represents load cell count that are clock resources (global clock buffer, MMCM, PLL, etc)
**** GT Loads column represents load cell count of GT types


+----+------+-------+
|    | X0   | X1    |
+----+------+-------+
| Y2 |    0 |     0 |
| Y1 |    4 |    25 |
| Y0 |  719 |  3499 |
+----+------+-------+


8. Device Cell Placement Summary for Global Clock g1
----------------------------------------------------

+-----------+-----------------+-------------------+------------+-------------+----------------+-------------+----------+----------------+----------+------------+
| Global Id | Driver Type/Pin | Driver Region (D) | Clock      | Period (ns) | Waveform (ns)  | Slice Loads | IO Loads | Clocking Loads | GT Loads | Net        |
+-----------+-----------------+-------------------+------------+-------------+----------------+-------------+----------+----------------+----------+------------+
| g1        | BUFG/O          | n/a               | eth_rx_clk |      40.000 | {0.000 20.000} |         138 |        0 |              0 |        0 | eth_rx_clk |
+-----------+-----------------+-------------------+------------+-------------+----------------+-------------+----------+----------------+----------+------------+
* Logic Loads column represents load cell count of all cell types other than IO, GT and clock resources
** IO Loads column represents load cell count of IO types
*** Clocking Loads column represents load cell count that are clock resources (global clock buffer, MMCM, PLL, etc)
**** GT Loads column represents load cell count of GT types


+----+------+----+
|    | X0   | X1 |
+----+------+----+
| Y2 |    0 |  0 |
| Y1 |    0 |  0 |
| Y0 |  138 |  0 |
+----+------+----+


9. Device Cell Placement Summary for Global Clock g2
----------------------------------------------------

+-----------+-----------------+-------------------+------------+-------------+----------------+-------------+----------+----------------+----------+------------+
| Global Id | Driver Type/Pin | Driver Region (D) | Clock      | Period (ns) | Waveform (ns)  | Slice Loads | IO Loads | Clocking Loads | GT Loads | Net        |
+-----------+-----------------+-------------------+------------+-------------+----------------+-------------+----------+----------------+----------+------------+
| g2        | BUFG/O          | n/a               | eth_tx_clk |      40.000 | {0.000 20.000} |         103 |        0 |              0 |        0 | eth_tx_clk |
+-----------+-----------------+-------------------+------------+-------------+----------------+-------------+----------+----------------+----------+------------+
* Logic Loads column represents load cell count of all cell types other than IO, GT and clock resources
** IO Loads column represents load cell count of IO types
*** Clocking Loads column represents load cell count that are clock resources (global clock buffer, MMCM, PLL, etc)
**** GT Loads column represents load cell count of GT types


+----+-----+----+
|    | X0  | X1 |
+----+-----+----+
| Y2 |   0 |  0 |
| Y1 |   0 |  0 |
| Y0 |  98 |  5 |
+----+-----+----+


10. Device Cell Placement Summary for Global Clock g3
-----------------------------------------------------

+-----------+-----------------+-------------------+----------------------+-------------+---------------+-------------+----------+----------------+----------+-----------+
| Global Id | Driver Type/Pin | Driver Region (D) | Clock                | Period (ns) | Waveform (ns) | Slice Loads | IO Loads | Clocking Loads | GT Loads | Net       |
+-----------+-----------------+-------------------+----------------------+-------------+---------------+-------------+----------+----------------+----------+-----------+
| g3        | BUFG/O          | n/a               | soc_netsoc_pll_sys4x |       2.500 | {0.000 1.250} |           0 |       59 |              0 |        0 | sys4x_clk |
+-----------+-----------------+-------------------+----------------------+-------------+---------------+-------------+----------+----------------+----------+-----------+
* Logic Loads column represents load cell count of all cell types other than IO, GT and clock resources
** IO Loads column represents load cell count of IO types
*** Clocking Loads column represents load cell count that are clock resources (global clock buffer, MMCM, PLL, etc)
**** GT Loads column represents load cell count of GT types


+----+----+-----+
|    | X0 | X1  |
+----+----+-----+
| Y2 |  0 |   0 |
| Y1 |  0 |   0 |
| Y0 |  0 |  59 |
+----+----+-----+


11. Device Cell Placement Summary for Global Clock g4
-----------------------------------------------------

+-----------+-----------------+-------------------+-----------------------+-------------+---------------+-------------+----------+----------------+----------+------------+
| Global Id | Driver Type/Pin | Driver Region (D) | Clock                 | Period (ns) | Waveform (ns) | Slice Loads | IO Loads | Clocking Loads | GT Loads | Net        |
+-----------+-----------------+-------------------+-----------------------+-------------+---------------+-------------+----------+----------------+----------+------------+
| g4        | BUFG/O          | n/a               | soc_netsoc_pll_clk200 |       5.000 | {0.000 2.500} |           8 |        0 |              0 |        0 | clk200_clk |
+-----------+-----------------+-------------------+-----------------------+-------------+---------------+-------------+----------+----------------+----------+------------+
* Logic Loads column represents load cell count of all cell types other than IO, GT and clock resources
** IO Loads column represents load cell count of IO types
*** Clocking Loads column represents load cell count that are clock resources (global clock buffer, MMCM, PLL, etc)
**** GT Loads column represents load cell count of GT types


+----+----+----+
|    | X0 | X1 |
+----+----+----+
| Y2 |  0 |  0 |
| Y1 |  0 |  0 |
| Y0 |  0 |  8 |
+----+----+----+


12. Device Cell Placement Summary for Global Clock g5
-----------------------------------------------------

+-----------+-----------------+-------------------+--------------------------+-------------+---------------+-------------+----------+----------------+----------+---------------+
| Global Id | Driver Type/Pin | Driver Region (D) | Clock                    | Period (ns) | Waveform (ns) | Slice Loads | IO Loads | Clocking Loads | GT Loads | Net           |
+-----------+-----------------+-------------------+--------------------------+-------------+---------------+-------------+----------+----------------+----------+---------------+
| g5        | BUFG/O          | n/a               | soc_netsoc_pll_sys4x_dqs |       2.500 | {0.625 1.875} |           0 |        2 |              0 |        0 | sys4x_dqs_clk |
+-----------+-----------------+-------------------+--------------------------+-------------+---------------+-------------+----------+----------------+----------+---------------+
* Logic Loads column represents load cell count of all cell types other than IO, GT and clock resources
** IO Loads column represents load cell count of IO types
*** Clocking Loads column represents load cell count that are clock resources (global clock buffer, MMCM, PLL, etc)
**** GT Loads column represents load cell count of GT types


+----+----+----+
|    | X0 | X1 |
+----+----+----+
| Y2 |  0 |  0 |
| Y1 |  0 |  0 |
| Y0 |  0 |  2 |
+----+----+----+


13. Device Cell Placement Summary for Global Clock g6
-----------------------------------------------------

+-----------+-----------------+-------------------+--------------------+-------------+----------------+-------------+----------+----------------+----------+------------------+
| Global Id | Driver Type/Pin | Driver Region (D) | Clock              | Period (ns) | Waveform (ns)  | Slice Loads | IO Loads | Clocking Loads | GT Loads | Net              |
+-----------+-----------------+-------------------+--------------------+-------------+----------------+-------------+----------+----------------+----------+------------------+
| g6        | BUFG/O          | n/a               | soc_netsoc_eth_clk |      40.000 | {0.000 20.000} |           0 |        1 |              0 |        0 | eth_ref_clk_OBUF |
+-----------+-----------------+-------------------+--------------------+-------------+----------------+-------------+----------+----------------+----------+------------------+
* Logic Loads column represents load cell count of all cell types other than IO, GT and clock resources
** IO Loads column represents load cell count of IO types
*** Clocking Loads column represents load cell count that are clock resources (global clock buffer, MMCM, PLL, etc)
**** GT Loads column represents load cell count of GT types


+----+----+----+
|    | X0 | X1 |
+----+----+----+
| Y2 |  0 |  0 |
| Y1 |  1 |  0 |
| Y0 |  0 |  0 |
+----+----+----+


14. Device Cell Placement Summary for Global Clock g7
-----------------------------------------------------

+-----------+-----------------+-------------------+--------------------+-------------+----------------+-------------+----------+----------------+----------+--------------------+
| Global Id | Driver Type/Pin | Driver Region (D) | Clock              | Period (ns) | Waveform (ns)  | Slice Loads | IO Loads | Clocking Loads | GT Loads | Net                |
+-----------+-----------------+-------------------+--------------------+-------------+----------------+-------------+----------+----------------+----------+--------------------+
| g7        | BUFR/O          | X1Y1              | soc_netsoc_eth_clk |      40.000 | {0.000 20.000} |           0 |        0 |              1 |        0 | soc_netsoc_eth_clk |
+-----------+-----------------+-------------------+--------------------+-------------+----------------+-------------+----------+----------------+----------+--------------------+
* Logic Loads column represents load cell count of all cell types other than IO, GT and clock resources
** IO Loads column represents load cell count of IO types
*** Clocking Loads column represents load cell count that are clock resources (global clock buffer, MMCM, PLL, etc)
**** GT Loads column represents load cell count of GT types


+----+----+--------+
|    | X0 | X1     |
+----+----+--------+
| Y2 |  0 |      0 |
| Y1 |  0 |  (D) 0 |
| Y0 |  0 |      0 |
+----+----+--------+


15. Clock Region Cell Placement per Global Clock: Region X0Y0
-------------------------------------------------------------

+-----------+-------+-----------------+------------+-------------+-----------------+-----+--------+------+-----+----+------+-----+---------+------------+
| Global Id | Track | Driver Type/Pin | Constraint | Clock Loads | Non-Clock Loads | FF  | LUTRAM | RAMB | DSP | GT | MMCM | PLL | Hard IP | Net        |
+-----------+-------+-----------------+------------+-------------+-----------------+-----+--------+------+-----+----+------+-----+---------+------------+
| g0        | n/a   | BUFG/O          | None       |         719 |               0 | 702 |      0 |   10 |   4 |  0 |    0 |   0 |       0 | sys_clk    |
| g1        | n/a   | BUFG/O          | None       |         138 |               0 | 137 |      0 |    1 |   0 |  0 |    0 |   0 |       0 | eth_rx_clk |
| g2        | n/a   | BUFG/O          | None       |          98 |               0 |  97 |      0 |    1 |   0 |  0 |    0 |   0 |       0 | eth_tx_clk |
+-----------+-------+-----------------+------------+-------------+-----------------+-----+--------+------+-----+----+------+-----+---------+------------+
* Clock Loads column represents the clock pin loads (pin count)
** Non-Clock Loads column represents the non-clock pin loads (pin count)
*** Columns FF, LUTRAM, RAMB through 'Hard IP' represents load cell counts


16. Clock Region Cell Placement per Global Clock: Region X1Y0
-------------------------------------------------------------

+-----------+-------+-----------------+------------+-------------+-----------------+------+--------+------+-----+----+------+-----+---------+---------------+
| Global Id | Track | Driver Type/Pin | Constraint | Clock Loads | Non-Clock Loads | FF   | LUTRAM | RAMB | DSP | GT | MMCM | PLL | Hard IP | Net           |
+-----------+-------+-----------------+------------+-------------+-----------------+------+--------+------+-----+----+------+-----+---------+---------------+
| g0        | n/a   | BUFG/O          | None       |        3499 |               0 | 3389 |      2 |   17 |   0 |  0 |    0 |   0 |       0 | sys_clk       |
| g2        | n/a   | BUFG/O          | None       |           5 |               0 |    5 |      0 |    0 |   0 |  0 |    0 |   0 |       0 | eth_tx_clk    |
| g3        | n/a   | BUFG/O          | None       |          59 |               0 |    0 |      0 |    0 |   0 |  0 |    0 |   0 |       0 | sys4x_clk     |
| g4        | n/a   | BUFG/O          | None       |           8 |               0 |    7 |      0 |    0 |   0 |  0 |    0 |   0 |       0 | clk200_clk    |
| g5        | n/a   | BUFG/O          | None       |           2 |               0 |    0 |      0 |    0 |   0 |  0 |    0 |   0 |       0 | sys4x_dqs_clk |
+-----------+-------+-----------------+------------+-------------+-----------------+------+--------+------+-----+----+------+-----+---------+---------------+
* Clock Loads column represents the clock pin loads (pin count)
** Non-Clock Loads column represents the non-clock pin loads (pin count)
*** Columns FF, LUTRAM, RAMB through 'Hard IP' represents load cell counts


17. Clock Region Cell Placement per Global Clock: Region X0Y1
-------------------------------------------------------------

+-----------+-------+-----------------+------------+-------------+-----------------+----+--------+------+-----+----+------+-----+---------+------------------+
| Global Id | Track | Driver Type/Pin | Constraint | Clock Loads | Non-Clock Loads | FF | LUTRAM | RAMB | DSP | GT | MMCM | PLL | Hard IP | Net              |
+-----------+-------+-----------------+------------+-------------+-----------------+----+--------+------+-----+----+------+-----+---------+------------------+
| g0        | n/a   | BUFG/O          | None       |           4 |               0 |  0 |      0 |    3 |   0 |  0 |    0 |   0 |       0 | sys_clk          |
| g6        | n/a   | BUFG/O          | None       |           0 |               1 |  0 |      0 |    0 |   0 |  0 |    0 |   0 |       0 | eth_ref_clk_OBUF |
+-----------+-------+-----------------+------------+-------------+-----------------+----+--------+------+-----+----+------+-----+---------+------------------+
* Clock Loads column represents the clock pin loads (pin count)
** Non-Clock Loads column represents the non-clock pin loads (pin count)
*** Columns FF, LUTRAM, RAMB through 'Hard IP' represents load cell counts


18. Clock Region Cell Placement per Global Clock: Region X1Y1
-------------------------------------------------------------

+-----------+-------+-----------------+------------+-------------+-----------------+----+--------+------+-----+----+------+-----+---------+---------+
| Global Id | Track | Driver Type/Pin | Constraint | Clock Loads | Non-Clock Loads | FF | LUTRAM | RAMB | DSP | GT | MMCM | PLL | Hard IP | Net     |
+-----------+-------+-----------------+------------+-------------+-----------------+----+--------+------+-----+----+------+-----+---------+---------+
| g0        | n/a   | BUFG/O          | None       |          25 |               0 | 18 |      0 |    7 |   0 |  0 |    0 |   0 |       0 | sys_clk |
+-----------+-------+-----------------+------------+-------------+-----------------+----+--------+------+-----+----+------+-----+---------+---------+
* Clock Loads column represents the clock pin loads (pin count)
** Non-Clock Loads column represents the non-clock pin loads (pin count)
*** Columns FF, LUTRAM, RAMB through 'Hard IP' represents load cell counts



# Location of BUFG Primitives 
set_property LOC BUFGCTRL_X0Y16 [get_cells BUFG]
set_property LOC BUFGCTRL_X0Y19 [get_cells BUFG_2]
set_property LOC BUFGCTRL_X0Y17 [get_cells BUFG_1]
set_property LOC BUFGCTRL_X0Y22 [get_cells eth_clocks_tx_IBUF_BUFG_inst]
set_property LOC BUFGCTRL_X0Y21 [get_cells eth_clocks_rx_IBUF_BUFG_inst]
set_property LOC BUFGCTRL_X0Y20 [get_cells BUFG_6]
set_property LOC BUFGCTRL_X0Y18 [get_cells BUFG_3]

# Location of BUFR Primitives 
set_property LOC BUFR_X1Y5 [get_cells BUFR]

# Location of IO Primitives which is load of clock spine
set_property LOC IOB_X0Y56 [get_cells eth_ref_clk_OBUF_inst]

# Location of clock ports
set_property LOC IOB_X1Y76 [get_ports clk100]
set_property LOC IOB_X0Y72 [get_ports eth_clocks_rx]
set_property LOC IOB_X0Y74 [get_ports eth_clocks_tx]

# Clock net "sys_clk" driven by instance "BUFG" located at site "BUFGCTRL_X0Y16"
#startgroup
create_pblock {CLKAG_sys_clk}
add_cells_to_pblock [get_pblocks  {CLKAG_sys_clk}] [get_cells -filter { PRIMITIVE_GROUP != I/O && IS_PRIMITIVE==1 && PRIMITIVE_LEVEL !=INTERNAL } -of_object [get_pins -filter {DIRECTION==IN} -of_objects [get_nets -hierarchical -filter {PARENT=="sys_clk"}]]]
resize_pblock [get_pblocks {CLKAG_sys_clk}] -add {CLOCKREGION_X0Y0:CLOCKREGION_X0Y0 CLOCKREGION_X0Y1:CLOCKREGION_X0Y1 CLOCKREGION_X1Y0:CLOCKREGION_X1Y0 CLOCKREGION_X1Y1:CLOCKREGION_X1Y1}
#endgroup

# Clock net "sys4x_dqs_clk" driven by instance "BUFG_2" located at site "BUFGCTRL_X0Y19"
#startgroup
create_pblock {CLKAG_sys4x_dqs_clk}
add_cells_to_pblock [get_pblocks  {CLKAG_sys4x_dqs_clk}] [get_cells -filter { PRIMITIVE_GROUP != I/O && IS_PRIMITIVE==1 && PRIMITIVE_LEVEL !=INTERNAL } -of_object [get_pins -filter {DIRECTION==IN} -of_objects [get_nets -hierarchical -filter {PARENT=="sys4x_dqs_clk"}]]]
resize_pblock [get_pblocks {CLKAG_sys4x_dqs_clk}] -add {CLOCKREGION_X1Y0:CLOCKREGION_X1Y0}
#endgroup

# Clock net "sys4x_clk" driven by instance "BUFG_1" located at site "BUFGCTRL_X0Y17"
#startgroup
create_pblock {CLKAG_sys4x_clk}
add_cells_to_pblock [get_pblocks  {CLKAG_sys4x_clk}] [get_cells -filter { PRIMITIVE_GROUP != I/O && IS_PRIMITIVE==1 && PRIMITIVE_LEVEL !=INTERNAL } -of_object [get_pins -filter {DIRECTION==IN} -of_objects [get_nets -hierarchical -filter {PARENT=="sys4x_clk"}]]]
resize_pblock [get_pblocks {CLKAG_sys4x_clk}] -add {CLOCKREGION_X1Y0:CLOCKREGION_X1Y0}
#endgroup

# Clock net "eth_tx_clk" driven by instance "eth_clocks_tx_IBUF_BUFG_inst" located at site "BUFGCTRL_X0Y22"
#startgroup
create_pblock {CLKAG_eth_tx_clk}
add_cells_to_pblock [get_pblocks  {CLKAG_eth_tx_clk}] [get_cells -filter { PRIMITIVE_GROUP != I/O && IS_PRIMITIVE==1 && PRIMITIVE_LEVEL !=INTERNAL } -of_object [get_pins -filter {DIRECTION==IN} -of_objects [get_nets -hierarchical -filter {PARENT=="eth_tx_clk"}]]]
resize_pblock [get_pblocks {CLKAG_eth_tx_clk}] -add {CLOCKREGION_X0Y0:CLOCKREGION_X0Y0 CLOCKREGION_X1Y0:CLOCKREGION_X1Y0}
#endgroup

# Clock net "eth_rx_clk" driven by instance "eth_clocks_rx_IBUF_BUFG_inst" located at site "BUFGCTRL_X0Y21"
#startgroup
create_pblock {CLKAG_eth_rx_clk}
add_cells_to_pblock [get_pblocks  {CLKAG_eth_rx_clk}] [get_cells -filter { PRIMITIVE_GROUP != I/O && IS_PRIMITIVE==1 && PRIMITIVE_LEVEL !=INTERNAL } -of_object [get_pins -filter {DIRECTION==IN} -of_objects [get_nets -hierarchical -filter {PARENT=="eth_rx_clk"}]]]
resize_pblock [get_pblocks {CLKAG_eth_rx_clk}] -add {CLOCKREGION_X0Y0:CLOCKREGION_X0Y0}
#endgroup

# Clock net "clk200_clk" driven by instance "BUFG_3" located at site "BUFGCTRL_X0Y18"
#startgroup
create_pblock {CLKAG_clk200_clk}
add_cells_to_pblock [get_pblocks  {CLKAG_clk200_clk}] [get_cells -filter { PRIMITIVE_GROUP != I/O && IS_PRIMITIVE==1 && PRIMITIVE_LEVEL !=INTERNAL } -of_object [get_pins -filter {DIRECTION==IN} -of_objects [get_nets -hierarchical -filter {PARENT=="clk200_clk"}]]]
resize_pblock [get_pblocks {CLKAG_clk200_clk}] -add {CLOCKREGION_X1Y0:CLOCKREGION_X1Y0}
#endgroup
