Copyright 1986-2017 Xilinx, Inc. All Rights Reserved.
---------------------------------------------------------------------------------------------------
| Tool Version : Vivado v.2017.3 (lin64) Build 2018833 Wed Oct  4 19:58:07 MDT 2017
| Date         : Tue Dec 25 06:29:49 2018
| Host         : travis-job-088c92c0-142b-42bc-bc91-6e86dd0798fa running 64-bit Ubuntu 14.04.5 LTS
| Command      : report_control_sets -verbose -file top_control_sets.rpt
| Design       : top
| Device       : xc7a35t
---------------------------------------------------------------------------------------------------

Control Set Information

Table of Contents
-----------------
1. Summary
2. Flip-Flop Distribution
3. Detailed Control Set Information

1. Summary
----------

+----------------------------------------------------------+-------+
|                          Status                          | Count |
+----------------------------------------------------------+-------+
| Number of unique control sets                            |   233 |
| Unused register locations in slices containing registers |   481 |
+----------------------------------------------------------+-------+


2. Flip-Flop Distribution
-------------------------

+--------------+-----------------------+------------------------+-----------------+--------------+
| Clock Enable | Synchronous Set/Reset | Asynchronous Set/Reset | Total Registers | Total Slices |
+--------------+-----------------------+------------------------+-----------------+--------------+
| No           | No                    | No                     |             355 |          162 |
| No           | No                    | Yes                    |               8 |            4 |
| No           | Yes                   | No                     |            1065 |          384 |
| Yes          | No                    | No                     |             873 |          314 |
| Yes          | No                    | Yes                    |               0 |            0 |
| Yes          | Yes                   | No                     |            2114 |          693 |
+--------------+-----------------------+------------------------+-----------------+--------------+


3. Detailed Control Set Information
-----------------------------------

+--------------+--------------------------------------------------------------------------------------------------------------------------------------+------------------------------------------------------------------------------------------------------------------------+------------------+----------------+
| Clock Signal |                                                             Enable Signal                                                            |                                                    Set/Reset Signal                                                    | Slice Load Count | Bel Load Count |
+--------------+--------------------------------------------------------------------------------------------------------------------------------------+------------------------------------------------------------------------------------------------------------------------+------------------+----------------+
|  sys_clk     | soc_spiflash_i_i_1_n_0                                                                                                               | sys_rst                                                                                                                |                1 |              1 |
|  clk200_clk  |                                                                                                                                      |                                                                                                                        |                1 |              1 |
|  sys_clk     | serial_tx_i_1_n_0                                                                                                                    | sys_rst                                                                                                                |                1 |              1 |
|  sys_clk     | soc_netsoc_sdram_tfawcon_ready_reg051_in                                                                                             | soc_netsoc_sdram_tfawcon_ready_i_1_n_0                                                                                 |                1 |              1 |
|  sys_clk     |                                                                                                                                      | soc_netsoc_sdram_tccdcon_ready_i_1_n_0                                                                                 |                1 |              1 |
|  clk200_clk  |                                                                                                                                      | vns_xilinxasyncresetsynchronizerimpl0                                                                                  |                1 |              2 |
|  sys_clk     | mor1kx/mor1kx_cpu/cappuccino.mor1kx_cpu/mor1kx_fetch_cappuccino/icache_gen.mor1kx_icache/tag_ram/ibus_adr_reg[3]                     |                                                                                                                        |                1 |              2 |
|  eth_rx_clk  |                                                                                                                                      | soc_reset0                                                                                                             |                1 |              2 |
|  sys_clk     |                                                                                                                                      | vns_xilinxasyncresetsynchronizerimpl0                                                                                  |                1 |              2 |
|  eth_tx_clk  |                                                                                                                                      | soc_reset0                                                                                                             |                1 |              2 |
|  sys_clk     | mor1kx/mor1kx_cpu/cappuccino.mor1kx_cpu/mor1kx_lsu_cappuccino/soc_netsoc_sdram_bankmachine5_cmd_buffer_lookahead_level_reg[0]_0[0]   | sys_rst                                                                                                                |                2 |              4 |
|  sys_clk     | soc_netsoc_uart_tx_fifo_wrport_we                                                                                                    | sys_rst                                                                                                                |                1 |              4 |
|  sys_clk     | vns_bankmachine4_next_state                                                                                                          | sys_rst                                                                                                                |                2 |              4 |
|  sys_clk     | vns_bankmachine5_next_state                                                                                                          | sys_rst                                                                                                                |                1 |              4 |
|  sys_clk     | mor1kx/mor1kx_cpu/cappuccino.mor1kx_cpu/mor1kx_lsu_cappuccino/dcache_gen.mor1kx_dcache/p_8_in                                        | mor1kx/mor1kx_cpu/cappuccino.mor1kx_cpu/mor1kx_execute_ctrl_cappuccino/refill_valid_r_reg[3]_1                         |                1 |              4 |
|  sys_clk     | soc_netsoc_uart_rx_fifo_wrport_we                                                                                                    | sys_rst                                                                                                                |                1 |              4 |
|  sys_clk     | soc_netsoc_uart_phy_sink_ready1392_out                                                                                               | soc_netsoc_uart_phy_tx_bitcount[3]_i_1_n_0                                                                             |                1 |              4 |
|  sys_clk     | mor1kx/mor1kx_cpu/cappuccino.mor1kx_cpu/mor1kx_lsu_cappuccino/soc_netsoc_sdram_bankmachine7_cmd_buffer_lookahead_level_reg[0]_0[0]   | sys_rst                                                                                                                |                2 |              4 |
|  sys_clk     | soc_leds_storage_full[3]_i_1_n_0                                                                                                     | sys_rst                                                                                                                |                3 |              4 |
|  sys_clk     | soc_netsoc_uart_phy_rx_bitcount                                                                                                      | soc_netsoc_uart_phy_rx_bitcount[3]_i_1_n_0                                                                             |                1 |              4 |
|  sys_clk     | vns_bankmachine2_next_state                                                                                                          | sys_rst                                                                                                                |                2 |              4 |
|  sys_clk     | vns_bankmachine6_next_state                                                                                                          | sys_rst                                                                                                                |                2 |              4 |
|  sys_clk     | mor1kx/mor1kx_cpu/cappuccino.mor1kx_cpu/mor1kx_lsu_cappuccino/soc_netsoc_sdram_bankmachine3_cmd_buffer_lookahead_level_reg[0][0]     | sys_rst                                                                                                                |                1 |              4 |
|  sys_clk     | mor1kx/mor1kx_cpu/cappuccino.mor1kx_cpu/mor1kx_lsu_cappuccino/soc_netsoc_sdram_bankmachine0_cmd_buffer_lookahead_level_reg[0]_0[0]   | sys_rst                                                                                                                |                2 |              4 |
|  sys_clk     | vns_bankmachine0_next_state                                                                                                          | sys_rst                                                                                                                |                2 |              4 |
|  sys_clk     | mor1kx/mor1kx_cpu/cappuccino.mor1kx_cpu/mor1kx_lsu_cappuccino/soc_netsoc_sdram_bankmachine1_cmd_buffer_lookahead_level_reg[0]_0[0]   | sys_rst                                                                                                                |                1 |              4 |
|  sys_clk     | soc_eventmanager_storage_full[3]_i_1_n_0                                                                                             | sys_rst                                                                                                                |                2 |              4 |
|  sys_clk     | vns_multiplexer_next_state                                                                                                           | sys_rst                                                                                                                |                2 |              4 |
|  sys_clk     | vns_bankmachine7_next_state                                                                                                          | sys_rst                                                                                                                |                2 |              4 |
|  sys_clk     | soc_a7ddrphy_half_sys8x_taps_storage_full[3]_i_1_n_0                                                                                 | sys_rst                                                                                                                |                1 |              4 |
|  sys_clk     | vns_bankmachine3_next_state                                                                                                          | sys_rst                                                                                                                |                2 |              4 |
|  sys_clk     | soc_netsoc_sdram_time1[3]_i_1_n_0                                                                                                    | sys_rst                                                                                                                |                2 |              4 |
|  sys_clk     | vns_bankmachine1_next_state                                                                                                          | sys_rst                                                                                                                |                2 |              4 |
|  sys_clk     | soc_netsoc_uart_rx_fifo_syncfifo_re                                                                                                  | sys_rst                                                                                                                |                1 |              4 |
|  sys_clk     | mor1kx/mor1kx_cpu/cappuccino.mor1kx_cpu/mor1kx_lsu_cappuccino/dbus_adr[3]_i_1_n_0                                                    |                                                                                                                        |                2 |              4 |
|  sys_clk     | soc_netsoc_uart_tx_fifo_syncfifo_re                                                                                                  | sys_rst                                                                                                                |                2 |              4 |
|  sys_clk     | soc_spiflash_bitbang_storage_full[3]_i_1_n_0                                                                                         | sys_rst                                                                                                                |                1 |              4 |
|  sys_clk     |                                                                                                                                      | mor1kx/mor1kx_cpu/ctrl_except_align_o_i_1_n_0                                                                          |                1 |              4 |
|  sys_clk     | mor1kx/mor1kx_cpu/cappuccino.mor1kx_cpu/mor1kx_fetch_cappuccino/soc_netsoc_sdram_bankmachine2_cmd_buffer_lookahead_level_reg[0]_0[0] | sys_rst                                                                                                                |                2 |              4 |
|  sys_clk     |                                                                                                                                      | vns_netsoc_interface2_bank_bus_dat_r[3]_i_1_n_0                                                                        |                1 |              4 |
|  sys_clk     | mor1kx/mor1kx_cpu/cappuccino.mor1kx_cpu/mor1kx_fetch_cappuccino/soc_netsoc_sdram_bankmachine6_cmd_buffer_lookahead_level_reg[0]_0[0] | sys_rst                                                                                                                |                1 |              4 |
|  sys_clk     |                                                                                                                                      | vns_netsoc_interface7_bank_bus_dat_r[3]_i_1_n_0                                                                        |                2 |              4 |
|  sys_clk     | mor1kx/mor1kx_cpu/cappuccino.mor1kx_cpu/mor1kx_ctrl_cappuccino/I78                                                                   | mor1kx/mor1kx_cpu/cappuccino.mor1kx_cpu/mor1kx_ctrl_cappuccino/pic.mor1kx_pic/spr_picmr_reg[0]_0                       |                2 |              4 |
|  sys_clk     | mor1kx/mor1kx_cpu/cappuccino.mor1kx_cpu/mor1kx_fetch_cappuccino/soc_netsoc_sdram_bankmachine4_cmd_buffer_lookahead_level_reg[0]_0[0] | sys_rst                                                                                                                |                1 |              4 |
|  eth_rx_clk  | soc_liteethphymiirx_converter_converter_source_payload_data[7]_i_2_n_0                                                               | soc_liteethphymiirx_converter_converter_source_payload_data[7]_i_1_n_0                                                 |                1 |              4 |
|  sys_clk     | mor1kx/mor1kx_cpu/cappuccino.mor1kx_cpu/mor1kx_fetch_cappuccino/padv_decode_o                                                        | mor1kx/mor1kx_cpu/cappuccino.mor1kx_cpu/mor1kx_ctrl_cappuccino/pic.mor1kx_pic/spr_picmr_reg[0]_0                       |                3 |              4 |
|  eth_tx_clk  | vns_liteethmacgap_state                                                                                                              | soc_tx_gap_inserter_counter_reset                                                                                      |                2 |              4 |
|  sys_clk     |                                                                                                                                      | vns_netsoc_interface0_bank_bus_dat_r[3]_i_1_n_0                                                                        |                4 |              4 |
|  sys_clk     |                                                                                                                                      | mor1kx/mor1kx_cpu/cappuccino.mor1kx_cpu/mor1kx_fetch_cappuccino/icache_gen.mor1kx_icache/tag_ram/refill_valid_r_reg[3] |                2 |              4 |
|  eth_rx_clk  | soc_liteethphymiirx_converter_converter_source_payload_data[3]_i_1_n_0                                                               | soc_liteethphymiirx_converter_converter_source_payload_data[7]_i_1_n_0                                                 |                2 |              4 |
|  clk200_clk  | soc_reset_counter[3]_i_1_n_0                                                                                                         | clk200_rst                                                                                                             |                1 |              4 |
|  sys_clk     | soc_netsoc_sdram_generator_counter[4]_i_1_n_0                                                                                        | sys_rst                                                                                                                |                1 |              5 |
|  sys_clk     | mor1kx/mor1kx_cpu/cappuccino.mor1kx_cpu/mor1kx_lsu_cappuccino/dcache_gen.mor1kx_dcache/state                                         | mor1kx/mor1kx_cpu/cappuccino.mor1kx_cpu/mor1kx_ctrl_cappuccino/pic.mor1kx_pic/spr_picmr_reg[0]_0                       |                2 |              5 |
|  sys_clk     | soc_netsoc_uart_tx_fifo_level0[4]_i_1_n_0                                                                                            | sys_rst                                                                                                                |                2 |              5 |
|  sys_clk     | soc_netsoc_sdram_time0[4]_i_1_n_0                                                                                                    | sys_rst                                                                                                                |                2 |              5 |
|  sys_clk     | mor1kx/mor1kx_cpu/cappuccino.mor1kx_cpu/mor1kx_lsu_cappuccino/dbus_bsel_o[3]_i_1_n_0                                                 |                                                                                                                        |                2 |              5 |
|  sys_clk     | mor1kx/mor1kx_cpu/cappuccino.mor1kx_cpu/mor1kx_execute_alu/div_count[4]_i_2_n_0                                                      | mor1kx/mor1kx_cpu/cappuccino.mor1kx_cpu/mor1kx_decode_execute_cappuccino/div_count_reg[4]                              |                2 |              5 |
|  sys_clk     | soc_netsoc_uart_rx_fifo_level0[4]_i_1_n_0                                                                                            | sys_rst                                                                                                                |                2 |              5 |
|  sys_clk     | vns_netsoc_csrbank6_dfii_control0_re                                                                                                 | sys_rst                                                                                                                |                2 |              5 |
|  sys_clk     | soc_netsoc_sdram_phaseinjector0_address_storage_full[13]_i_1_n_0                                                                     | sys_rst                                                                                                                |                2 |              6 |
|  sys_clk     | soc_netsoc_sdram_phaseinjector2_address_storage_full[13]_i_1_n_0                                                                     | sys_rst                                                                                                                |                1 |              6 |
|  sys_clk     | soc_netsoc_sdram_phaseinjector1_command_storage_full[5]_i_1_n_0                                                                      | sys_rst                                                                                                                |                2 |              6 |
|  sys_clk     | soc_netsoc_sdram_phaseinjector1_address_storage_full[13]_i_1_n_0                                                                     | sys_rst                                                                                                                |                2 |              6 |
|  sys_clk     | soc_netsoc_sdram_phaseinjector3_address_storage_full[13]_i_1_n_0                                                                     | sys_rst                                                                                                                |                2 |              6 |
|  sys_clk     | mor1kx/mor1kx_cpu/cappuccino.mor1kx_cpu/mor1kx_fetch_cappuccino/ibus_dat[29]_i_1_n_0                                                 |                                                                                                                        |                2 |              6 |
|  sys_clk     | vns_netsoc_csrbank6_dfii_pi3_command0_re                                                                                             | sys_rst                                                                                                                |                3 |              6 |
|  sys_clk     | vns_netsoc_csrbank6_dfii_pi2_command0_re                                                                                             | sys_rst                                                                                                                |                3 |              6 |
|  sys_clk     | soc_netsoc_sdram_phaseinjector0_command_storage_full[5]_i_1_n_0                                                                      | sys_rst                                                                                                                |                3 |              6 |
|  sys_clk     | mor1kx/mor1kx_cpu/cappuccino.mor1kx_cpu/mor1kx_execute_ctrl_cappuccino/spr_sr_reg[1]                                                 | mor1kx/mor1kx_cpu/cappuccino.mor1kx_cpu/mor1kx_ctrl_cappuccino/pic.mor1kx_pic/spr_picmr_reg[0]_0                       |                3 |              7 |
|  sys_clk     | soc_dna_cnt[6]_i_1_n_0                                                                                                               | sys_rst                                                                                                                |                3 |              7 |
|  sys_clk     | mor1kx/mor1kx_cpu/cappuccino.mor1kx_cpu/mor1kx_ctrl_cappuccino/padv_execute_o                                                        | mor1kx/mor1kx_cpu/cappuccino.mor1kx_cpu/mor1kx_ctrl_cappuccino/pic.mor1kx_pic/spr_picmr_reg[0]_0                       |                4 |              7 |
|  sys_clk     | soc_netsoc_timer0_reload_storage_full[23]_i_1_n_0                                                                                    | sys_rst                                                                                                                |                1 |              8 |
|  sys_clk     | soc_netsoc_timer0_reload_storage_full[31]_i_1_n_0                                                                                    | sys_rst                                                                                                                |                2 |              8 |
|  sys_clk     | p_4_out[31]                                                                                                                          | sys_rst                                                                                                                |                1 |              8 |
|  sys_clk     | soc_netsoc_timer0_reload_storage_full[7]_i_1_n_0                                                                                     | sys_rst                                                                                                                |                2 |              8 |
|  sys_clk     | soc_netsoc_uart_tx_fifo_syncfifo_re                                                                                                  |                                                                                                                        |                2 |              8 |
|  sys_clk     | soc_netsoc_sdram_phaseinjector0_wrdata_storage_full[23]_i_1_n_0                                                                      | sys_rst                                                                                                                |                5 |              8 |
|  sys_clk     | soc_netsoc_ctrl_storage_full[23]_i_1_n_0                                                                                             | sys_rst                                                                                                                |                3 |              8 |
|  sys_clk     | soc_netsoc_uart_rx_fifo_syncfifo_re                                                                                                  |                                                                                                                        |                2 |              8 |
|  sys_clk     |                                                                                                                                      | vns_netsoc_interface10_bank_bus_dat_r[7]_i_1_n_0                                                                       |                4 |              8 |
|  sys_clk     |                                                                                                                                      | vns_netsoc_interface9_bank_bus_dat_r[7]_i_1_n_0                                                                        |                2 |              8 |
|  sys_clk     | soc_netsoc_timer0_load_storage_full[23]_i_1_n_0                                                                                      | sys_rst                                                                                                                |                2 |              8 |
|  sys_clk     | soc_netsoc_sdram_phaseinjector0_address_storage_full[7]_i_1_n_0                                                                      | sys_rst                                                                                                                |                3 |              8 |
|  sys_clk     | soc_netsoc_sdram_phaseinjector0_wrdata_storage_full[31]_i_1_n_0                                                                      | sys_rst                                                                                                                |                5 |              8 |
|  sys_clk     | soc_netsoc_sdram_phaseinjector1_wrdata_storage_full[23]_i_1_n_0                                                                      | sys_rst                                                                                                                |                2 |              8 |
|  sys_clk     |                                                                                                                                      | vns_netsoc_interface3_bank_bus_dat_r[7]_i_1_n_0                                                                        |                6 |              8 |
|  sys_clk     | soc_netsoc_uart_phy_source_payload_data[7]_i_1_n_0                                                                                   | sys_rst                                                                                                                |                2 |              8 |
|  sys_clk     | p_4_out[23]                                                                                                                          | sys_rst                                                                                                                |                2 |              8 |
|  sys_clk     | mor1kx/mor1kx_cpu/cappuccino.mor1kx_cpu/mor1kx_lsu_cappuccino/E[0]                                                                   | sys_rst                                                                                                                |                3 |              8 |
|  sys_clk     | soc_netsoc_sdram_phaseinjector0_wrdata_storage_full[7]_i_1_n_0                                                                       | sys_rst                                                                                                                |                2 |              8 |
|  sys_clk     | soc_netsoc_sdram_phaseinjector1_wrdata_storage_full[15]_i_1_n_0                                                                      | sys_rst                                                                                                                |                4 |              8 |
|  sys_clk     | soc_netsoc_sdram_phaseinjector0_wrdata_storage_full[15]_i_1_n_0                                                                      | sys_rst                                                                                                                |                4 |              8 |
|  sys_clk     |                                                                                                                                      | vns_netsoc_interface1_bank_bus_dat_r[7]_i_1_n_0                                                                        |                4 |              8 |
|  sys_clk     | soc_reader_length_storage_full[7]_i_1_n_0                                                                                            | sys_rst                                                                                                                |                2 |              8 |
|  sys_clk     | soc_netsoc_sdram_phaseinjector1_wrdata_storage_full[7]_i_1_n_0                                                                       | sys_rst                                                                                                                |                4 |              8 |
|  sys_clk     | soc_spiflash_i                                                                                                                       | sys_rst                                                                                                                |                2 |              8 |
|  sys_clk     |                                                                                                                                      | vns_netsoc_interface6_bank_bus_dat_r[7]_i_1_n_0                                                                        |                6 |              8 |
|  sys_clk     | soc_netsoc_timer0_load_storage_full[7]_i_1_n_0                                                                                       | sys_rst                                                                                                                |                2 |              8 |
|  sys_clk     | mor1kx/mor1kx_cpu/cappuccino.mor1kx_cpu/mor1kx_fetch_cappuccino/icache_gen.mor1kx_icache/way_memories[0].way_data_ram/spr_bus_ack_o0 |                                                                                                                        |                2 |              8 |
|  sys_clk     | soc_netsoc_uart_phy_rx_reg                                                                                                           | sys_rst                                                                                                                |                2 |              8 |
|  sys_clk     | soc_netsoc_sdram_phaseinjector3_wrdata_storage_full[31]_i_1_n_0                                                                      | sys_rst                                                                                                                |                5 |              8 |
|  sys_clk     | soc_netsoc_timer0_reload_storage_full[15]_i_1_n_0                                                                                    | sys_rst                                                                                                                |                2 |              8 |
|  sys_clk     | soc_netsoc_timer0_load_storage_full[31]_i_1_n_0                                                                                      | sys_rst                                                                                                                |                2 |              8 |
|  sys_clk     | p_4_out[7]                                                                                                                           | sys_rst                                                                                                                |                2 |              8 |
|  sys_clk     | soc_netsoc_timer0_load_storage_full[15]_i_1_n_0                                                                                      | sys_rst                                                                                                                |                2 |              8 |
|  sys_clk     | soc_netsoc_sdram_phaseinjector2_wrdata_storage_full[7]_i_1_n_0                                                                       | sys_rst                                                                                                                |                2 |              8 |
|  sys_clk     | soc_netsoc_sdram_phaseinjector2_wrdata_storage_full[15]_i_1_n_0                                                                      | sys_rst                                                                                                                |                2 |              8 |
|  sys_clk     | soc_netsoc_sdram_phaseinjector3_wrdata_storage_full[23]_i_1_n_0                                                                      | sys_rst                                                                                                                |                4 |              8 |
|  sys_clk     | soc_netsoc_sdram_phaseinjector1_address_storage_full[7]_i_1_n_0                                                                      | sys_rst                                                                                                                |                1 |              8 |
|  sys_clk     | soc_netsoc_sdram_phaseinjector3_wrdata_storage_full[15]_i_1_n_0                                                                      | sys_rst                                                                                                                |                5 |              8 |
|  sys_clk     | soc_netsoc_ctrl_storage_full[31]_i_1_n_0                                                                                             | sys_rst                                                                                                                |                3 |              8 |
|  sys_clk     | p_4_out[15]                                                                                                                          | sys_rst                                                                                                                |                2 |              8 |
|  sys_clk     | soc_netsoc_sdram_phaseinjector3_address_storage_full[7]_i_1_n_0                                                                      | sys_rst                                                                                                                |                1 |              8 |
|  sys_clk     | mor1kx/mor1kx_cpu/cappuccino.mor1kx_cpu/mor1kx_lsu_cappuccino/dcache_gen.mor1kx_dcache/invalidate_adr_0                              |                                                                                                                        |                4 |              8 |
|  sys_clk     | soc_netsoc_ctrl_storage_full[15]_i_1_n_0                                                                                             | sys_rst                                                                                                                |                2 |              8 |
|  sys_clk     | soc_netsoc_ctrl_storage_full[7]_i_1_n_0                                                                                              | sys_rst                                                                                                                |                3 |              8 |
|  sys_clk     | soc_netsoc_sdram_phaseinjector2_address_storage_full[7]_i_1_n_0                                                                      | sys_rst                                                                                                                |                2 |              8 |
|  sys_clk     | soc_netsoc_sdram_phaseinjector2_wrdata_storage_full[31]_i_1_n_0                                                                      | sys_rst                                                                                                                |                5 |              8 |
|  sys_clk     | soc_netsoc_sdram_phaseinjector2_wrdata_storage_full[23]_i_1_n_0                                                                      | sys_rst                                                                                                                |                4 |              8 |
|  sys_clk     | soc_netsoc_sdram_phaseinjector3_wrdata_storage_full[7]_i_1_n_0                                                                       | sys_rst                                                                                                                |                4 |              8 |
|  sys_clk     | soc_netsoc_uart_phy_tx_reg[7]_i_1_n_0                                                                                                | sys_rst                                                                                                                |                2 |              8 |
|  sys_clk     |                                                                                                                                      | vns_netsoc_interface8_bank_bus_dat_r[7]_i_1_n_0                                                                        |                6 |              8 |
|  sys_clk     | soc_netsoc_sdram_phaseinjector1_wrdata_storage_full[31]_i_1_n_0                                                                      | sys_rst                                                                                                                |                5 |              8 |
|  sys_clk     |                                                                                                                                      | vns_netsoc_interface5_bank_bus_dat_r[7]_i_1_n_0                                                                        |                7 |              8 |
|  sys_clk     | soc_counter_ce                                                                                                                       | sys_rst                                                                                                                |                3 |              9 |
|  eth_rx_clk  |                                                                                                                                      | soc_crc32_checker_syncfifo_level                                                                                       |                2 |              9 |
|  sys_clk     | mor1kx/mor1kx_cpu/cappuccino.mor1kx_cpu/mor1kx_lsu_cappuccino/store_buffer_gen.mor1kx_store_buffer/fifo_ram/mem_reg_1_0[0]           | mor1kx/mor1kx_cpu/cappuccino.mor1kx_cpu/mor1kx_ctrl_cappuccino/pic.mor1kx_pic/spr_picmr_reg[0]_0                       |                3 |              9 |
|  sys_clk     | mor1kx/mor1kx_cpu/cappuccino.mor1kx_cpu/mor1kx_lsu_cappuccino/store_buffer_gen.mor1kx_store_buffer/fifo_ram/E[0]                     | mor1kx/mor1kx_cpu/cappuccino.mor1kx_cpu/mor1kx_ctrl_cappuccino/pic.mor1kx_pic/spr_picmr_reg[0]_0                       |                2 |              9 |
|  sys_clk     | soc_reader_counter_ce                                                                                                                | soc_reader_counter[10]_i_1_n_0                                                                                         |                3 |              9 |
|  sys_clk     | soc_netsoc_sdram_timer_count[9]_i_2_n_0                                                                                              | soc_netsoc_sdram_timer_count[9]_i_1_n_0                                                                                |                3 |             10 |
|  eth_rx_clk  | soc_rx_converter_converter_source_payload_data[9]_i_1_n_0                                                                            | eth_rx_rst                                                                                                             |                2 |             10 |
|  eth_rx_clk  | soc_rx_converter_converter_source_payload_data[29]_i_1_n_0                                                                           | eth_rx_rst                                                                                                             |                2 |             10 |
|  eth_rx_clk  | soc_rx_converter_converter_source_payload_data[19]_i_1_n_0                                                                           | eth_rx_rst                                                                                                             |                2 |             10 |
|  eth_rx_clk  | soc_rx_converter_converter_source_payload_data[39]_i_1_n_0                                                                           | eth_rx_rst                                                                                                             |                3 |             10 |
|  sys_clk     | soc_vccint_status                                                                                                                    | sys_rst                                                                                                                |                5 |             12 |
|  sys_clk     | soc_vccaux_status                                                                                                                    | sys_rst                                                                                                                |                4 |             12 |
|  sys_clk     | soc_temperature_status                                                                                                               | sys_rst                                                                                                                |                4 |             12 |
|  sys_clk     | soc_vccbram_status                                                                                                                   | sys_rst                                                                                                                |                5 |             12 |
|  sys_clk     | soc_netsoc_sdram_bankmachine6_row                                                                                                    | sys_rst                                                                                                                |                3 |             14 |
|  sys_clk     | soc_netsoc_sdram_bankmachine7_row                                                                                                    | sys_rst                                                                                                                |                4 |             14 |
|  sys_clk     | soc_netsoc_sdram_bankmachine3_row                                                                                                    | sys_rst                                                                                                                |                3 |             14 |
|  sys_clk     | soc_netsoc_sdram_bankmachine5_row                                                                                                    | sys_rst                                                                                                                |                3 |             14 |
|  sys_clk     | soc_netsoc_sdram_bankmachine1_row[13]_i_1_n_0                                                                                        | sys_rst                                                                                                                |                4 |             14 |
|  sys_clk     | soc_netsoc_sdram_bankmachine4_row                                                                                                    | sys_rst                                                                                                                |                3 |             14 |
|  sys_clk     | soc_netsoc_sdram_bankmachine2_row                                                                                                    | sys_rst                                                                                                                |                4 |             14 |
|  sys_clk     | soc_netsoc_sdram_bankmachine0_row                                                                                                    | sys_rst                                                                                                                |                4 |             14 |
|  eth_tx_clk  | soc_padding_inserter_counter_ce                                                                                                      | soc_padding_inserter_counter[14]                                                                                       |                4 |             15 |
|  sys_clk     | storage_14_reg_0_1_0_5_i_1_n_0                                                                                                       |                                                                                                                        |                2 |             16 |
|  sys_clk     | mor1kx/mor1kx_cpu/cappuccino.mor1kx_cpu/mor1kx_execute_ctrl_cappuccino/spr_esr_reg[15][0]                                            | mor1kx/mor1kx_cpu/cappuccino.mor1kx_cpu/mor1kx_ctrl_cappuccino/pic.mor1kx_pic/spr_picmr_reg[0]_0                       |                6 |             16 |
|  sys_clk     | soc_netsoc_uart_rx_fifo_wrport_we                                                                                                    |                                                                                                                        |                2 |             16 |
|  sys_clk     | soc_netsoc_uart_tx_fifo_wrport_we                                                                                                    |                                                                                                                        |                2 |             16 |
|  eth_rx_clk  | soc_crc32_checker_syncfifo_wrport_we                                                                                                 |                                                                                                                        |                2 |             16 |
|  sys_clk     | mor1kx/mor1kx_cpu/cappuccino.mor1kx_cpu/mor1kx_lsu_cappuccino/dcache_gen.mor1kx_dcache/way_memories[0].way_data_ram/mem_reg_2        | mor1kx/mor1kx_cpu/cappuccino.mor1kx_cpu/mor1kx_lsu_cappuccino/vns_netsoc_count_reg_0_sn_1                              |                5 |             17 |
|  sys_clk     | mor1kx/mor1kx_cpu/cappuccino.mor1kx_cpu/mor1kx_execute_ctrl_cappuccino/spr_evbar_reg[31][0]                                          | mor1kx/mor1kx_cpu/cappuccino.mor1kx_cpu/mor1kx_ctrl_cappuccino/pic.mor1kx_pic/spr_picmr_reg[0]_0                       |                6 |             19 |
|  sys_clk     | soc_eventsourceprocess3_trigger                                                                                                      | soc_waittimer3_count[0]_i_1_n_0                                                                                        |                5 |             20 |
|  sys_clk     | soc_eventsourceprocess2_trigger                                                                                                      | soc_waittimer2_count[0]_i_1_n_0                                                                                        |                5 |             20 |
|  sys_clk     | soc_eventsourceprocess1_trigger                                                                                                      | soc_waittimer1_count[0]_i_1_n_0                                                                                        |                5 |             20 |
|  sys_clk     | soc_eventsourceprocess0_trigger                                                                                                      | soc_waittimer0_count[0]_i_1_n_0                                                                                        |                5 |             20 |
|  sys_clk     | mor1kx/mor1kx_cpu/cappuccino.mor1kx_cpu/mor1kx_fetch_cappuccino/icache_gen.mor1kx_icache/tag_ram/refill_valid_r_reg[3]               |                                                                                                                        |                6 |             21 |
|  sys_clk     | mor1kx/mor1kx_cpu/cappuccino.mor1kx_cpu/mor1kx_lsu_cappuccino/dcache_gen.mor1kx_dcache/tag_save_lru9_out                             |                                                                                                                        |                5 |             21 |
|  sys_clk     | soc_spiflash_sr[31]_i_1_n_0                                                                                                          | sys_rst                                                                                                                |                9 |             22 |
|  eth_tx_clk  |                                                                                                                                      | eth_tx_rst                                                                                                             |               12 |             22 |
|  eth_rx_clk  |                                                                                                                                      |                                                                                                                        |                8 |             22 |
|  sys_clk     | mor1kx/mor1kx_cpu/cappuccino.mor1kx_cpu/mor1kx_fetch_cappuccino/padv_decode_o                                                        | mor1kx/mor1kx_cpu/cappuccino.mor1kx_cpu/mor1kx_ctrl_cappuccino/execute_op_movhi_o_reg                                  |                8 |             22 |
|  sys_clk     | soc_netsoc_sdram_bankmachine4_cmd_buffer_pipe_ce                                                                                     | sys_rst                                                                                                                |                9 |             23 |
|  sys_clk     | soc_netsoc_sdram_bankmachine3_cmd_buffer_pipe_ce                                                                                     | sys_rst                                                                                                                |               11 |             23 |
|  sys_clk     | soc_netsoc_sdram_bankmachine7_cmd_buffer_pipe_ce                                                                                     | sys_rst                                                                                                                |                5 |             23 |
|  sys_clk     | soc_netsoc_sdram_bankmachine6_cmd_buffer_pipe_ce                                                                                     | sys_rst                                                                                                                |                8 |             23 |
|  sys_clk     | soc_netsoc_sdram_bankmachine2_cmd_buffer_pipe_ce                                                                                     | sys_rst                                                                                                                |                8 |             23 |
|  sys_clk     | soc_netsoc_sdram_bankmachine0_cmd_buffer_pipe_ce                                                                                     | sys_rst                                                                                                                |               11 |             23 |
|  sys_clk     | soc_netsoc_sdram_bankmachine5_cmd_buffer_pipe_ce                                                                                     | sys_rst                                                                                                                |                7 |             23 |
|  sys_clk     | soc_netsoc_sdram_bankmachine1_cmd_buffer_pipe_ce                                                                                     | sys_rst                                                                                                                |                7 |             23 |
|  sys_clk     | mor1kx/mor1kx_cpu/cappuccino.mor1kx_cpu/mor1kx_execute_ctrl_cappuccino/exception_pc_addr_reg[8][0]                                   |                                                                                                                        |                6 |             23 |
|  sys_clk     | soc_netsoc_sdram_bandwidth_nwrites[0]_i_1_n_0                                                                                        | soc_netsoc_sdram_bandwidth_nwrites                                                                                     |                6 |             24 |
|  sys_clk     | soc_netsoc_sdram_bandwidth_nreads                                                                                                    | soc_netsoc_sdram_bandwidth_nwrites                                                                                     |                6 |             24 |
|  sys_clk     | soc_a7ddrphy_bitslip8_value                                                                                                          | soc_a7ddrphy_bitslip15_value                                                                                           |               11 |             24 |
|  eth_rx_clk  |                                                                                                                                      | eth_rx_rst                                                                                                             |                8 |             24 |
|  sys_clk     | soc_a7ddrphy_bitslip0_value                                                                                                          | soc_a7ddrphy_bitslip7_value                                                                                            |               13 |             24 |
|  sys_clk     | mor1kx/mor1kx_cpu/cappuccino.mor1kx_cpu/mor1kx_fetch_cappuccino/ibus_dat[29]_i_1_n_0                                                 | mor1kx/mor1kx_cpu/cappuccino.mor1kx_cpu/mor1kx_fetch_cappuccino/ibus_dat[31]_i_1_n_0                                   |                9 |             26 |
|  eth_tx_clk  |                                                                                                                                      |                                                                                                                        |               10 |             27 |
|  sys_clk     | mor1kx/mor1kx_cpu/cappuccino.mor1kx_cpu/mor1kx_fetch_cappuccino/icache_gen.mor1kx_icache/tag_ram/ibus_adr_reg[31]                    | mor1kx/mor1kx_cpu/cappuccino.mor1kx_cpu/mor1kx_fetch_cappuccino/icache_gen.mor1kx_icache/tag_ram/ibus_adr_reg[4]       |                5 |             28 |
|  sys_clk     | mor1kx/mor1kx_cpu/cappuccino.mor1kx_cpu/mor1kx_lsu_cappuccino/dbus_adr[31]_i_1_n_0                                                   |                                                                                                                        |               11 |             28 |
|  sys_clk     | mor1kx/mor1kx_cpu/cappuccino.mor1kx_cpu/mor1kx_lsu_cappuccino/dcache_gen.mor1kx_dcache/tag_ram/mem_reg_64_127_0_2_i_1_n_0            |                                                                                                                        |                7 |             28 |
|  sys_clk     | mor1kx/mor1kx_cpu/cappuccino.mor1kx_cpu/mor1kx_lsu_cappuccino/dcache_gen.mor1kx_dcache/tag_ram/mem_reg_0_63_0_2_i_4_n_0              |                                                                                                                        |                7 |             28 |
|  sys_clk     | mor1kx/mor1kx_cpu/cappuccino.mor1kx_cpu/mor1kx_lsu_cappuccino/dcache_gen.mor1kx_dcache/tag_ram/mem_reg_128_191_0_2_i_1_n_0           |                                                                                                                        |                7 |             28 |
|  sys_clk     | mor1kx/mor1kx_cpu/cappuccino.mor1kx_cpu/mor1kx_lsu_cappuccino/dcache_gen.mor1kx_dcache/tag_ram/mem_reg_192_255_0_2_i_1_n_0           |                                                                                                                        |                7 |             28 |
|  sys_clk     | mor1kx/mor1kx_cpu/cappuccino.mor1kx_cpu/mor1kx_execute_ctrl_cappuccino/atomic_gen.atomic_addr_reg[2]_0[0]                            |                                                                                                                        |                6 |             30 |
|  sys_clk     | mor1kx/mor1kx_cpu/cappuccino.mor1kx_cpu/mor1kx_execute_alu/div_r[30]_i_1_n_0                                                         | mor1kx/mor1kx_cpu/cappuccino.mor1kx_cpu/mor1kx_decode_execute_cappuccino/div_done0                                     |                7 |             31 |
|  sys_clk     |                                                                                                                                      | soc_netsoc_uart_phy_phase_accumulator_rx[30]_i_1_n_0                                                                   |                8 |             31 |
|  sys_clk     | mor1kx/mor1kx_cpu/cappuccino.mor1kx_cpu/mor1kx_ctrl_cappuccino/E[0]                                                                  | mor1kx/mor1kx_cpu/cappuccino.mor1kx_cpu/mor1kx_ctrl_cappuccino/pic.mor1kx_pic/spr_picmr_reg[0]_0                       |               14 |             32 |
|  sys_clk     | soc_ps_crc_error_o                                                                                                                   | sys_rst                                                                                                                |                8 |             32 |
|  eth_tx_clk  | soc_crc32_inserter_ce                                                                                                                | soc_crc32_inserter_reg                                                                                                 |                8 |             32 |
|  sys_clk     | mor1kx/mor1kx_cpu/cappuccino.mor1kx_cpu/mor1kx_fetch_cappuccino/icache_gen.mor1kx_icache/tag_ram/E[0]                                | mor1kx/mor1kx_cpu/cappuccino.mor1kx_cpu/mor1kx_ctrl_cappuccino/SR[0]                                                   |               11 |             32 |
|  sys_clk     | mor1kx/mor1kx_cpu/cappuccino.mor1kx_cpu/mor1kx_fetch_cappuccino/icache_gen.mor1kx_icache/tag_ram/E[0]                                |                                                                                                                        |                7 |             32 |
|  sys_clk     |                                                                                                                                      | soc_netsoc_uart_phy_phase_accumulator_tx[31]_i_1_n_0                                                                   |                8 |             32 |
|  sys_clk     | mor1kx/mor1kx_cpu/cappuccino.mor1kx_cpu/mor1kx_fetch_cappuccino/soc_netsoc_sdram_bankmachine4_cmd_buffer_lookahead_level_reg[0]      |                                                                                                                        |                4 |             32 |
|  sys_clk     | mor1kx/mor1kx_cpu/cappuccino.mor1kx_cpu/mor1kx_fetch_cappuccino/soc_netsoc_sdram_bankmachine6_cmd_buffer_lookahead_level_reg[0]      |                                                                                                                        |                4 |             32 |
|  sys_clk     | soc_netsoc_timer0_update_value_re                                                                                                    | sys_rst                                                                                                                |                7 |             32 |
|  sys_clk     | mor1kx/mor1kx_cpu/cappuccino.mor1kx_cpu/mor1kx_decode_execute_cappuccino/div_n_reg[0][0]                                             |                                                                                                                        |               13 |             32 |
|  sys_clk     | mor1kx/mor1kx_cpu/cappuccino.mor1kx_cpu/mor1kx_fetch_cappuccino/soc_netsoc_sdram_bankmachine2_cmd_buffer_lookahead_level_reg[0]      |                                                                                                                        |                4 |             32 |
|  sys_clk     | mor1kx/mor1kx_cpu/cappuccino.mor1kx_cpu/mor1kx_ctrl_cappuccino/spr_eear_reg[31]_0[0]                                                 | mor1kx/mor1kx_cpu/cappuccino.mor1kx_cpu/mor1kx_ctrl_cappuccino/pic.mor1kx_pic/spr_picmr_reg[0]_0                       |               14 |             32 |
|  eth_rx_clk  | soc_crc32_checker_crc_ce                                                                                                             | soc_crc32_checker_syncfifo_level                                                                                       |               13 |             32 |
|  sys_clk     | mor1kx/mor1kx_cpu/cappuccino.mor1kx_cpu/mor1kx_ctrl_cappuccino/pc_ctrl_o_reg[0][0]                                                   | mor1kx/mor1kx_cpu/cappuccino.mor1kx_cpu/mor1kx_ctrl_cappuccino/pic.mor1kx_pic/spr_picmr_reg[0]_0                       |               11 |             32 |
|  sys_clk     | mor1kx/mor1kx_cpu/cappuccino.mor1kx_cpu/mor1kx_lsu_cappuccino/soc_netsoc_sdram_bankmachine1_cmd_buffer_lookahead_level_reg[0]        |                                                                                                                        |                4 |             32 |
|  sys_clk     | soc_writer_errors_status_next_value_ce                                                                                               | sys_rst                                                                                                                |                9 |             32 |
|  sys_clk     | mor1kx/mor1kx_cpu/cappuccino.mor1kx_cpu/mor1kx_execute_ctrl_cappuccino/spr_epcr_reg[31][0]                                           |                                                                                                                        |               16 |             32 |
|  sys_clk     | mor1kx/mor1kx_cpu/cappuccino.mor1kx_cpu/mor1kx_execute_ctrl_cappuccino/spr_picmr_reg[0][0]                                           | mor1kx/mor1kx_cpu/cappuccino.mor1kx_cpu/mor1kx_ctrl_cappuccino/pic.mor1kx_pic/spr_picmr_reg[0]_0                       |               11 |             32 |
|  sys_clk     | mor1kx/mor1kx_cpu/cappuccino.mor1kx_cpu/mor1kx_lsu_cappuccino/dbus_dat[31]_i_1_n_0                                                   |                                                                                                                        |               14 |             32 |
|  sys_clk     | mor1kx/mor1kx_cpu/cappuccino.mor1kx_cpu/mor1kx_lsu_cappuccino/soc_netsoc_sdram_bankmachine7_cmd_buffer_lookahead_level_reg[0]        |                                                                                                                        |                4 |             32 |
|  sys_clk     | mor1kx/mor1kx_cpu/cappuccino.mor1kx_cpu/mor1kx_lsu_cappuccino/soc_netsoc_sdram_bankmachine5_cmd_buffer_lookahead_level_reg[0]        |                                                                                                                        |                4 |             32 |
|  sys_clk     | mor1kx/mor1kx_cpu/cappuccino.mor1kx_cpu/mor1kx_lsu_cappuccino/soc_netsoc_sdram_bankmachine0_cmd_buffer_lookahead_level_reg[0]        |                                                                                                                        |                4 |             32 |
|  sys_clk     | mor1kx/mor1kx_cpu/cappuccino.mor1kx_cpu/mor1kx_lsu_cappuccino/soc_netsoc_sdram_bankmachine3_cmd_buffer_lookahead_level_reg[3]        |                                                                                                                        |                4 |             32 |
|  sys_clk     | mor1kx/mor1kx_cpu/cappuccino.mor1kx_cpu/mor1kx_decode_execute_cappuccino/ctrl_lsu_adr_o_reg[31]_0[0]                                 |                                                                                                                        |                8 |             32 |
|  sys_clk     | soc_ps_preamble_error_o                                                                                                              | sys_rst                                                                                                                |                8 |             32 |
|  sys_clk     | mem_4_reg_i_26_n_0                                                                                                                   | soc_writer_counter[0]_i_1_n_0                                                                                          |                8 |             32 |
|  sys_clk     | soc_netsoc_ctrl_bus_errors                                                                                                           | sys_rst                                                                                                                |                8 |             32 |
|  sys_clk     | mor1kx/mor1kx_cpu/cappuccino.mor1kx_cpu/mor1kx_execute_ctrl_cappuccino/wb_to_decode_result_a_reg[31][0]                              |                                                                                                                        |                9 |             32 |
|  sys_clk     | mor1kx/mor1kx_cpu/cappuccino.mor1kx_cpu/mor1kx_execute_ctrl_cappuccino/wb_to_decode_result_b_reg[31][0]                              |                                                                                                                        |                7 |             32 |
|  sys_clk     | mor1kx/mor1kx_cpu/cappuccino.mor1kx_cpu/mor1kx_execute_ctrl_cappuccino/pc_fetch_reg[31]                                              | mor1kx/mor1kx_cpu/cappuccino.mor1kx_cpu/mor1kx_ctrl_cappuccino/pic.mor1kx_pic/spr_picmr_reg[0]_0                       |                9 |             32 |
|  sys_clk     | mor1kx/mor1kx_cpu/cappuccino.mor1kx_cpu/mor1kx_decode_execute_cappuccino/div_done0                                                   |                                                                                                                        |               15 |             33 |
|  sys_clk     | mor1kx/mor1kx_cpu/cappuccino.mor1kx_cpu/mor1kx_fetch_cappuccino/E[0]                                                                 |                                                                                                                        |               13 |             33 |
|  sys_clk     | soc_netsoc_sdram_bandwidth_nreads_status[23]_i_1_n_0                                                                                 | sys_rst                                                                                                                |               12 |             48 |
|  sys_clk     | soc_writer_fifo_wrport_we__0                                                                                                         |                                                                                                                        |                6 |             48 |
|  sys_clk     | soc_netsoc_sdram_bandwidth_period                                                                                                    | sys_rst                                                                                                                |                9 |             48 |
|  sys_clk     |                                                                                                                                      | mor1kx/mor1kx_cpu/cappuccino.mor1kx_cpu/mor1kx_ctrl_cappuccino/pic.mor1kx_pic/spr_picmr_reg[0]_0                       |               31 |             56 |
|  sys_clk     | soc_dna_status                                                                                                                       | sys_rst                                                                                                                |               18 |             57 |
|  sys_clk     | mor1kx/mor1kx_cpu/cappuccino.mor1kx_cpu/mor1kx_decode_execute_cappuccino/decode_valid_o                                              |                                                                                                                        |               31 |             64 |
|  sys_clk     | mor1kx/mor1kx_cpu/cappuccino.mor1kx_cpu/mor1kx_lsu_cappuccino/store_buffer_gen.mor1kx_store_buffer/fifo_ram/E[0]                     |                                                                                                                        |               23 |             67 |
|  sys_clk     | mor1kx/mor1kx_cpu/cappuccino.mor1kx_cpu/mor1kx_ctrl_cappuccino/padv_execute_o                                                        |                                                                                                                        |               36 |             72 |
|  sys_clk     | soc_netsoc_sdram_inti_p0_rddata_valid                                                                                                | sys_rst                                                                                                                |               49 |            128 |
|  sys_clk     | mor1kx/mor1kx_cpu/cappuccino.mor1kx_cpu/mor1kx_fetch_cappuccino/padv_decode_o                                                        |                                                                                                                        |               71 |            208 |
|  sys_clk     |                                                                                                                                      |                                                                                                                        |              144 |            307 |
|  sys_clk     |                                                                                                                                      | sys_rst                                                                                                                |              269 |            814 |
+--------------+--------------------------------------------------------------------------------------------------------------------------------------+------------------------------------------------------------------------------------------------------------------------+------------------+----------------+


+--------+-----------------------+
| Fanout | Number of ControlSets |
+--------+-----------------------+
| 1      |                     5 |
| 2      |                     5 |
| 4      |                    41 |
| 5      |                     8 |
| 6      |                     9 |
| 7      |                     3 |
| 8      |                    53 |
| 9      |                     5 |
| 10     |                     5 |
| 12     |                     4 |
| 14     |                     8 |
| 15     |                     1 |
| 16+    |                    86 |
+--------+-----------------------+


